10.240.1.32 - - [19/Jun/2017:18:14:41 +0000] "GET /profile-pic/index.html HTTP/1.1" 200 436 "https://c9.io/preview/app/advancedkwk/cinthyah?callback=https%3A%2F%2Fc9users.io%2F_user_content%2Fcallback%2Fpreview%3Fredirect%3Dhttps%253A%252F%252Fadvancedkwk-cinthyah.c9users.io%252Fprofile-pic%252Findex.html%26expires%3D1497896377356%26nonce%3D9c0iY8UU3wFAeXWT58Ms%26signature%3DRDN5pg2BcqqSObY9MYGCthkJWig%253D" "Mozilla/5.0 (Macintosh; Intel Mac OS X 10_12_3) AppleWebKit/537.36 (KHTML, like Gecko) Chrome/58.0.3029.110 Safari/537.36"
10.240.1.64 - - [19/Jun/2017:18:14:41 +0000] "GET /favicon.ico HTTP/1.1" 404 522 "https://advancedkwk-cinthyah.c9users.io/profile-pic/index.html" "Mozilla/5.0 (Macintosh; Intel Mac OS X 10_12_3) AppleWebKit/537.36 (KHTML, like Gecko) Chrome/58.0.3029.110 Safari/537.36"
10.240.0.110 - - [19/Jun/2017:18:15:55 +0000] "GET /profile-pic/index.html HTTP/1.1" 200 449 "https://ide.c9.io/cinthyah/advancedkwk" "Mozilla/5.0 (Macintosh; Intel Mac OS X 10_12_3) AppleWebKit/537.36 (KHTML, like Gecko) Chrome/58.0.3029.110 Safari/537.36"
10.240.1.64 - - [19/Jun/2017:18:16:42 +0000] "GET /profile-pic/index.html HTTP/1.1" 200 459 "https://ide.c9.io/cinthyah/advancedkwk" "Mozilla/5.0 (Macintosh; Intel Mac OS X 10_12_3) AppleWebKit/537.36 (KHTML, like Gecko) Chrome/58.0.3029.110 Safari/537.36"
10.240.0.241 - - [19/Jun/2017:18:16:52 +0000] "GET /profile-pic/index.html HTTP/1.1" 200 459 "https://ide.c9.io/cinthyah/advancedkwk" "Mozilla/5.0 (Macintosh; Intel Mac OS X 10_12_3) AppleWebKit/537.36 (KHTML, like Gecko) Chrome/58.0.3029.110 Safari/537.36"
10.240.0.69 - - [19/Jun/2017:18:16:57 +0000] "GET /profile-pic/index.html HTTP/1.1" 200 459 "-" "Mozilla/5.0 (Macintosh; Intel Mac OS X 10_12_3) AppleWebKit/537.36 (KHTML, like Gecko) Chrome/58.0.3029.110 Safari/537.36"
10.240.0.187 - - [19/Jun/2017:18:20:02 +0000] "GET /profile-pic/index.html HTTP/1.1" 200 487 "-" "Mozilla/5.0 (Macintosh; Intel Mac OS X 10_12_3) AppleWebKit/537.36 (KHTML, like Gecko) Chrome/58.0.3029.110 Safari/537.36"
10.240.1.17 - - [19/Jun/2017:18:20:32 +0000] "GET /profile-pic/index.html HTTP/1.1" 200 499 "-" "Mozilla/5.0 (Macintosh; Intel Mac OS X 10_12_3) AppleWebKit/537.36 (KHTML, like Gecko) Chrome/58.0.3029.110 Safari/537.36"
10.240.1.19 - - [19/Jun/2017:18:20:32 +0000] "GET /profile-pic/style.css HTTP/1.1" 200 316 "https://advancedkwk-cinthyah.c9users.io/profile-pic/index.html" "Mozilla/5.0 (Macintosh; Intel Mac OS X 10_12_3) AppleWebKit/537.36 (KHTML, like Gecko) Chrome/58.0.3029.110 Safari/537.36"
10.240.1.17 - - [19/Jun/2017:18:21:44 +0000] "GET /profile-pic/index.html HTTP/1.1" 200 499 "-" "Mozilla/5.0 (Macintosh; Intel Mac OS X 10_12_3) AppleWebKit/537.36 (KHTML, like Gecko) Chrome/58.0.3029.110 Safari/537.36"
10.240.1.17 - - [19/Jun/2017:18:21:44 +0000] "GET /profile-pic/style.css HTTP/1.1" 200 310 "https://advancedkwk-cinthyah.c9users.io/profile-pic/index.html" "Mozilla/5.0 (Macintosh; Intel Mac OS X 10_12_3) AppleWebKit/537.36 (KHTML, like Gecko) Chrome/58.0.3029.110 Safari/537.36"
10.240.0.241 - - [19/Jun/2017:18:21:56 +0000] "GET /profile-pic/index.html HTTP/1.1" 200 499 "-" "Mozilla/5.0 (Macintosh; Intel Mac OS X 10_12_3) AppleWebKit/537.36 (KHTML, like Gecko) Chrome/58.0.3029.110 Safari/537.36"
10.240.0.186 - - [19/Jun/2017:18:21:56 +0000] "GET /profile-pic/style.css HTTP/1.1" 200 316 "https://advancedkwk-cinthyah.c9users.io/profile-pic/index.html" "Mozilla/5.0 (Macintosh; Intel Mac OS X 10_12_3) AppleWebKit/537.36 (KHTML, like Gecko) Chrome/58.0.3029.110 Safari/537.36"
10.240.1.32 - - [19/Jun/2017:18:23:57 +0000] "GET /profile-pic/index.html HTTP/1.1" 200 499 "-" "Mozilla/5.0 (Macintosh; Intel Mac OS X 10_12_3) AppleWebKit/537.36 (KHTML, like Gecko) Chrome/58.0.3029.110 Safari/537.36"
10.240.1.32 - - [19/Jun/2017:18:23:57 +0000] "GET /profile-pic/style.css HTTP/1.1" 200 315 "https://advancedkwk-cinthyah.c9users.io/profile-pic/index.html" "Mozilla/5.0 (Macintosh; Intel Mac OS X 10_12_3) AppleWebKit/537.36 (KHTML, like Gecko) Chrome/58.0.3029.110 Safari/537.36"
10.240.0.241 - - [19/Jun/2017:18:24:09 +0000] "GET /profile-pic/index.html HTTP/1.1" 200 499 "-" "Mozilla/5.0 (Macintosh; Intel Mac OS X 10_12_3) AppleWebKit/537.36 (KHTML, like Gecko) Chrome/58.0.3029.110 Safari/537.36"
10.240.0.204 - - [19/Jun/2017:18:24:09 +0000] "GET /profile-pic/style.css HTTP/1.1" 200 316 "https://advancedkwk-cinthyah.c9users.io/profile-pic/index.html" "Mozilla/5.0 (Macintosh; Intel Mac OS X 10_12_3) AppleWebKit/537.36 (KHTML, like Gecko) Chrome/58.0.3029.110 Safari/537.36"
10.240.1.15 - - [19/Jun/2017:18:27:03 +0000] "GET /profile-pic/index.html HTTP/1.1" 200 515 "-" "Mozilla/5.0 (Macintosh; Intel Mac OS X 10_12_3) AppleWebKit/537.36 (KHTML, like Gecko) Chrome/58.0.3029.110 Safari/537.36"
10.240.1.64 - - [19/Jun/2017:18:27:03 +0000] "GET /profile-pic/style.css HTTP/1.1" 304 179 "https://advancedkwk-cinthyah.c9users.io/profile-pic/index.html" "Mozilla/5.0 (Macintosh; Intel Mac OS X 10_12_3) AppleWebKit/537.36 (KHTML, like Gecko) Chrome/58.0.3029.110 Safari/537.36"
10.240.1.64 - - [19/Jun/2017:18:27:54 +0000] "GET /profile-pic/index.html HTTP/1.1" 200 515 "-" "Mozilla/5.0 (Macintosh; Intel Mac OS X 10_12_3) AppleWebKit/537.36 (KHTML, like Gecko) Chrome/58.0.3029.110 Safari/537.36"
10.240.1.64 - - [19/Jun/2017:18:27:54 +0000] "GET /profile-pic/style.css HTTP/1.1" 200 345 "https://advancedkwk-cinthyah.c9users.io/profile-pic/index.html" "Mozilla/5.0 (Macintosh; Intel Mac OS X 10_12_3) AppleWebKit/537.36 (KHTML, like Gecko) Chrome/58.0.3029.110 Safari/537.36"
10.240.1.60 - - [19/Jun/2017:18:31:32 +0000] "GET /profile-pic/index.html HTTP/1.1" 200 515 "-" "Mozilla/5.0 (Macintosh; Intel Mac OS X 10_12_3) AppleWebKit/537.36 (KHTML, like Gecko) Chrome/58.0.3029.110 Safari/537.36"
10.240.0.241 - - [19/Jun/2017:18:31:32 +0000] "GET /profile-pic/style.css HTTP/1.1" 304 179 "https://advancedkwk-cinthyah.c9users.io/profile-pic/index.html" "Mozilla/5.0 (Macintosh; Intel Mac OS X 10_12_3) AppleWebKit/537.36 (KHTML, like Gecko) Chrome/58.0.3029.110 Safari/537.36"
10.240.0.186 - - [19/Jun/2017:18:31:41 +0000] "GET /profile-pic/index.html HTTP/1.1" 200 530 "-" "Mozilla/5.0 (Macintosh; Intel Mac OS X 10_12_3) AppleWebKit/537.36 (KHTML, like Gecko) Chrome/58.0.3029.110 Safari/537.36"
10.240.1.19 - - [19/Jun/2017:18:31:42 +0000] "GET /profile-pic/style.css HTTP/1.1" 200 346 "https://advancedkwk-cinthyah.c9users.io/profile-pic/index.html" "Mozilla/5.0 (Macintosh; Intel Mac OS X 10_12_3) AppleWebKit/537.36 (KHTML, like Gecko) Chrome/58.0.3029.110 Safari/537.36"
10.240.1.15 - - [19/Jun/2017:18:35:48 +0000] "GET /profile-pic/index.html HTTP/1.1" 200 530 "-" "Mozilla/5.0 (Macintosh; Intel Mac OS X 10_12_3) AppleWebKit/537.36 (KHTML, like Gecko) Chrome/58.0.3029.110 Safari/537.36"
10.240.0.204 - - [19/Jun/2017:18:35:48 +0000] "GET /profile-pic/style.css HTTP/1.1" 304 179 "https://advancedkwk-cinthyah.c9users.io/profile-pic/index.html" "Mozilla/5.0 (Macintosh; Intel Mac OS X 10_12_3) AppleWebKit/537.36 (KHTML, like Gecko) Chrome/58.0.3029.110 Safari/537.36"
10.240.0.204 - - [19/Jun/2017:18:35:52 +0000] "GET /profile-pic/index.html HTTP/1.1" 200 530 "-" "Mozilla/5.0 (Macintosh; Intel Mac OS X 10_12_3) AppleWebKit/537.36 (KHTML, like Gecko) Chrome/58.0.3029.110 Safari/537.36"
10.240.0.110 - - [19/Jun/2017:18:35:52 +0000] "GET /profile-pic/style.css HTTP/1.1" 200 436 "https://advancedkwk-cinthyah.c9users.io/profile-pic/index.html" "Mozilla/5.0 (Macintosh; Intel Mac OS X 10_12_3) AppleWebKit/537.36 (KHTML, like Gecko) Chrome/58.0.3029.110 Safari/537.36"
10.240.1.15 - - [19/Jun/2017:18:35:58 +0000] "GET /profile-pic/index.html HTTP/1.1" 200 540 "-" "Mozilla/5.0 (Macintosh; Intel Mac OS X 10_12_3) AppleWebKit/537.36 (KHTML, like Gecko) Chrome/58.0.3029.110 Safari/537.36"
10.240.1.15 - - [19/Jun/2017:18:35:59 +0000] "GET /profile-pic/style.css HTTP/1.1" 200 436 "https://advancedkwk-cinthyah.c9users.io/profile-pic/index.html" "Mozilla/5.0 (Macintosh; Intel Mac OS X 10_12_3) AppleWebKit/537.36 (KHTML, like Gecko) Chrome/58.0.3029.110 Safari/537.36"
10.240.0.119 - - [19/Jun/2017:18:36:37 +0000] "GET /profile-pic/index.html HTTP/1.1" 200 540 "-" "Mozilla/5.0 (Macintosh; Intel Mac OS X 10_12_3) AppleWebKit/537.36 (KHTML, like Gecko) Chrome/58.0.3029.110 Safari/537.36"
10.240.1.15 - - [19/Jun/2017:18:36:37 +0000] "GET /profile-pic/style.css HTTP/1.1" 200 444 "https://advancedkwk-cinthyah.c9users.io/profile-pic/index.html" "Mozilla/5.0 (Macintosh; Intel Mac OS X 10_12_3) AppleWebKit/537.36 (KHTML, like Gecko) Chrome/58.0.3029.110 Safari/537.36"
10.240.0.110 - - [19/Jun/2017:18:36:53 +0000] "GET /profile-pic/index.html HTTP/1.1" 200 540 "-" "Mozilla/5.0 (Macintosh; Intel Mac OS X 10_12_3) AppleWebKit/537.36 (KHTML, like Gecko) Chrome/58.0.3029.110 Safari/537.36"
10.240.0.204 - - [19/Jun/2017:18:36:53 +0000] "GET /profile-pic/style.css HTTP/1.1" 200 464 "https://advancedkwk-cinthyah.c9users.io/profile-pic/index.html" "Mozilla/5.0 (Macintosh; Intel Mac OS X 10_12_3) AppleWebKit/537.36 (KHTML, like Gecko) Chrome/58.0.3029.110 Safari/537.36"
10.240.1.19 - - [19/Jun/2017:18:37:34 +0000] "GET /profile-pic/index.html HTTP/1.1" 200 540 "-" "Mozilla/5.0 (Macintosh; Intel Mac OS X 10_12_3) AppleWebKit/537.36 (KHTML, like Gecko) Chrome/58.0.3029.110 Safari/537.36"
10.240.1.15 - - [19/Jun/2017:18:37:34 +0000] "GET /profile-pic/style.css HTTP/1.1" 200 487 "https://advancedkwk-cinthyah.c9users.io/profile-pic/index.html" "Mozilla/5.0 (Macintosh; Intel Mac OS X 10_12_3) AppleWebKit/537.36 (KHTML, like Gecko) Chrome/58.0.3029.110 Safari/537.36"
10.240.0.186 - - [19/Jun/2017:18:40:42 +0000] "GET /profile-pic/index.html HTTP/1.1" 200 540 "-" "Mozilla/5.0 (Macintosh; Intel Mac OS X 10_12_3) AppleWebKit/537.36 (KHTML, like Gecko) Chrome/58.0.3029.110 Safari/537.36"
10.240.1.20 - - [19/Jun/2017:18:40:42 +0000] "GET /profile-pic/style.css HTTP/1.1" 200 506 "https://advancedkwk-cinthyah.c9users.io/profile-pic/index.html" "Mozilla/5.0 (Macintosh; Intel Mac OS X 10_12_3) AppleWebKit/537.36 (KHTML, like Gecko) Chrome/58.0.3029.110 Safari/537.36"
10.240.0.69 - - [19/Jun/2017:18:42:35 +0000] "GET /profile-pic/index.html HTTP/1.1" 200 540 "-" "Mozilla/5.0 (Macintosh; Intel Mac OS X 10_12_3) AppleWebKit/537.36 (KHTML, like Gecko) Chrome/58.0.3029.110 Safari/537.36"
10.240.0.110 - - [19/Jun/2017:18:42:35 +0000] "GET /profile-pic/style.css HTTP/1.1" 200 537 "https://advancedkwk-cinthyah.c9users.io/profile-pic/index.html" "Mozilla/5.0 (Macintosh; Intel Mac OS X 10_12_3) AppleWebKit/537.36 (KHTML, like Gecko) Chrome/58.0.3029.110 Safari/537.36"
10.240.0.69 - - [19/Jun/2017:18:42:57 +0000] "GET /profile-pic/index.html HTTP/1.1" 200 538 "-" "Mozilla/5.0 (Macintosh; Intel Mac OS X 10_12_3) AppleWebKit/537.36 (KHTML, like Gecko) Chrome/58.0.3029.110 Safari/537.36"
10.240.0.69 - - [19/Jun/2017:18:42:57 +0000] "GET /profile-pic/style.css HTTP/1.1" 200 537 "https://advancedkwk-cinthyah.c9users.io/profile-pic/index.html" "Mozilla/5.0 (Macintosh; Intel Mac OS X 10_12_3) AppleWebKit/537.36 (KHTML, like Gecko) Chrome/58.0.3029.110 Safari/537.36"
10.240.1.32 - - [19/Jun/2017:18:51:53 +0000] "GET /profile-pic/index.html HTTP/1.1" 200 553 "-" "Mozilla/5.0 (Macintosh; Intel Mac OS X 10_12_3) AppleWebKit/537.36 (KHTML, like Gecko) Chrome/58.0.3029.110 Safari/537.36"
10.240.0.187 - - [19/Jun/2017:18:51:53 +0000] "GET /profile-pic/style.css HTTP/1.1" 200 537 "https://advancedkwk-cinthyah.c9users.io/profile-pic/index.html" "Mozilla/5.0 (Macintosh; Intel Mac OS X 10_12_3) AppleWebKit/537.36 (KHTML, like Gecko) Chrome/58.0.3029.110 Safari/537.36"
10.240.1.19 - - [19/Jun/2017:18:52:12 +0000] "GET /profile-pic/index.html HTTP/1.1" 200 652 "-" "Mozilla/5.0 (Macintosh; Intel Mac OS X 10_12_3) AppleWebKit/537.36 (KHTML, like Gecko) Chrome/58.0.3029.110 Safari/537.36"
10.240.1.19 - - [19/Jun/2017:18:52:12 +0000] "GET /profile-pic/style.css HTTP/1.1" 200 537 "https://advancedkwk-cinthyah.c9users.io/profile-pic/index.html" "Mozilla/5.0 (Macintosh; Intel Mac OS X 10_12_3) AppleWebKit/537.36 (KHTML, like Gecko) Chrome/58.0.3029.110 Safari/537.36"
10.240.1.32 - - [19/Jun/2017:18:55:07 +0000] "GET /profile-pic/index.html HTTP/1.1" 200 652 "-" "Mozilla/5.0 (Macintosh; Intel Mac OS X 10_12_3) AppleWebKit/537.36 (KHTML, like Gecko) Chrome/58.0.3029.110 Safari/537.36"
10.240.1.32 - - [19/Jun/2017:18:55:07 +0000] "GET /profile-pic/style.css HTTP/1.1" 200 557 "https://advancedkwk-cinthyah.c9users.io/profile-pic/index.html" "Mozilla/5.0 (Macintosh; Intel Mac OS X 10_12_3) AppleWebKit/537.36 (KHTML, like Gecko) Chrome/58.0.3029.110 Safari/537.36"
10.240.1.32 - - [19/Jun/2017:18:55:20 +0000] "GET /profile-pic/index.html HTTP/1.1" 200 652 "-" "Mozilla/5.0 (Macintosh; Intel Mac OS X 10_12_3) AppleWebKit/537.36 (KHTML, like Gecko) Chrome/58.0.3029.110 Safari/537.36"
10.240.1.19 - - [19/Jun/2017:18:55:20 +0000] "GET /profile-pic/style.css HTTP/1.1" 200 557 "https://advancedkwk-cinthyah.c9users.io/profile-pic/index.html" "Mozilla/5.0 (Macintosh; Intel Mac OS X 10_12_3) AppleWebKit/537.36 (KHTML, like Gecko) Chrome/58.0.3029.110 Safari/537.36"
10.240.1.32 - - [19/Jun/2017:18:55:27 +0000] "GET /profile-pic/index.html HTTP/1.1" 200 712 "-" "Mozilla/5.0 (Macintosh; Intel Mac OS X 10_12_3) AppleWebKit/537.36 (KHTML, like Gecko) Chrome/58.0.3029.110 Safari/537.36"
10.240.0.187 - - [19/Jun/2017:18:55:28 +0000] "GET /profile-pic/style.css HTTP/1.1" 200 557 "https://advancedkwk-cinthyah.c9users.io/profile-pic/index.html" "Mozilla/5.0 (Macintosh; Intel Mac OS X 10_12_3) AppleWebKit/537.36 (KHTML, like Gecko) Chrome/58.0.3029.110 Safari/537.36"
10.240.1.32 - - [19/Jun/2017:18:55:50 +0000] "GET /profile-pic/index.html HTTP/1.1" 200 712 "-" "Mozilla/5.0 (Macintosh; Intel Mac OS X 10_12_3) AppleWebKit/537.36 (KHTML, like Gecko) Chrome/58.0.3029.110 Safari/537.36"
10.240.1.32 - - [19/Jun/2017:18:55:50 +0000] "GET /profile-pic/style.css HTTP/1.1" 200 552 "https://advancedkwk-cinthyah.c9users.io/profile-pic/index.html" "Mozilla/5.0 (Macintosh; Intel Mac OS X 10_12_3) AppleWebKit/537.36 (KHTML, like Gecko) Chrome/58.0.3029.110 Safari/537.36"
10.240.1.19 - - [19/Jun/2017:18:56:25 +0000] "GET /profile-pic/index.html HTTP/1.1" 200 712 "-" "Mozilla/5.0 (Macintosh; Intel Mac OS X 10_12_3) AppleWebKit/537.36 (KHTML, like Gecko) Chrome/58.0.3029.110 Safari/537.36"
10.240.1.32 - - [19/Jun/2017:18:56:25 +0000] "GET /profile-pic/style.css HTTP/1.1" 200 568 "https://advancedkwk-cinthyah.c9users.io/profile-pic/index.html" "Mozilla/5.0 (Macintosh; Intel Mac OS X 10_12_3) AppleWebKit/537.36 (KHTML, like Gecko) Chrome/58.0.3029.110 Safari/537.36"
10.240.1.32 - - [19/Jun/2017:18:56:40 +0000] "GET /profile-pic/index.html HTTP/1.1" 200 712 "-" "Mozilla/5.0 (Macintosh; Intel Mac OS X 10_12_3) AppleWebKit/537.36 (KHTML, like Gecko) Chrome/58.0.3029.110 Safari/537.36"
10.240.1.32 - - [19/Jun/2017:18:56:40 +0000] "GET /profile-pic/style.css HTTP/1.1" 200 568 "https://advancedkwk-cinthyah.c9users.io/profile-pic/index.html" "Mozilla/5.0 (Macintosh; Intel Mac OS X 10_12_3) AppleWebKit/537.36 (KHTML, like Gecko) Chrome/58.0.3029.110 Safari/537.36"
10.240.1.19 - - [19/Jun/2017:18:57:28 +0000] "GET /profile-pic/index.html HTTP/1.1" 200 712 "-" "Mozilla/5.0 (Macintosh; Intel Mac OS X 10_12_3) AppleWebKit/537.36 (KHTML, like Gecko) Chrome/58.0.3029.110 Safari/537.36"
10.240.1.19 - - [19/Jun/2017:18:57:28 +0000] "GET /profile-pic/style.css HTTP/1.1" 200 585 "https://advancedkwk-cinthyah.c9users.io/profile-pic/index.html" "Mozilla/5.0 (Macintosh; Intel Mac OS X 10_12_3) AppleWebKit/537.36 (KHTML, like Gecko) Chrome/58.0.3029.110 Safari/537.36"
10.240.1.15 - - [19/Jun/2017:18:57:53 +0000] "GET /profile-pic/index.html HTTP/1.1" 200 712 "-" "Mozilla/5.0 (Macintosh; Intel Mac OS X 10_12_3) AppleWebKit/537.36 (KHTML, like Gecko) Chrome/58.0.3029.110 Safari/537.36"
10.240.1.64 - - [19/Jun/2017:18:57:53 +0000] "GET /profile-pic/style.css HTTP/1.1" 200 586 "https://advancedkwk-cinthyah.c9users.io/profile-pic/index.html" "Mozilla/5.0 (Macintosh; Intel Mac OS X 10_12_3) AppleWebKit/537.36 (KHTML, like Gecko) Chrome/58.0.3029.110 Safari/537.36"
10.240.1.17 - - [19/Jun/2017:19:06:16 +0000] "GET /profile-pic/index.html HTTP/1.1" 200 823 "-" "Mozilla/5.0 (Macintosh; Intel Mac OS X 10_12_3) AppleWebKit/537.36 (KHTML, like Gecko) Chrome/58.0.3029.110 Safari/537.36"
10.240.0.187 - - [19/Jun/2017:19:06:16 +0000] "GET /profile-pic/style.css HTTP/1.1" 200 645 "https://advancedkwk-cinthyah.c9users.io/profile-pic/index.html" "Mozilla/5.0 (Macintosh; Intel Mac OS X 10_12_3) AppleWebKit/537.36 (KHTML, like Gecko) Chrome/58.0.3029.110 Safari/537.36"
10.240.0.179 - - [19/Jun/2017:19:06:57 +0000] "GET /profile-pic/index.html HTTP/1.1" 200 823 "-" "Mozilla/5.0 (Macintosh; Intel Mac OS X 10_12_3) AppleWebKit/537.36 (KHTML, like Gecko) Chrome/58.0.3029.110 Safari/537.36"
10.240.0.241 - - [19/Jun/2017:19:06:57 +0000] "GET /profile-pic/style.css HTTP/1.1" 200 673 "https://advancedkwk-cinthyah.c9users.io/profile-pic/index.html" "Mozilla/5.0 (Macintosh; Intel Mac OS X 10_12_3) AppleWebKit/537.36 (KHTML, like Gecko) Chrome/58.0.3029.110 Safari/537.36"
10.240.0.119 - - [19/Jun/2017:19:07:26 +0000] "GET /profile-pic/index.html HTTP/1.1" 200 823 "-" "Mozilla/5.0 (Macintosh; Intel Mac OS X 10_12_3) AppleWebKit/537.36 (KHTML, like Gecko) Chrome/58.0.3029.110 Safari/537.36"
10.240.1.60 - - [19/Jun/2017:19:07:26 +0000] "GET /profile-pic/style.css HTTP/1.1" 200 673 "https://advancedkwk-cinthyah.c9users.io/profile-pic/index.html" "Mozilla/5.0 (Macintosh; Intel Mac OS X 10_12_3) AppleWebKit/537.36 (KHTML, like Gecko) Chrome/58.0.3029.110 Safari/537.36"
10.240.0.187 - - [19/Jun/2017:19:09:28 +0000] "GET /profile-pic/index.html HTTP/1.1" 200 823 "-" "Mozilla/5.0 (Macintosh; Intel Mac OS X 10_12_3) AppleWebKit/537.36 (KHTML, like Gecko) Chrome/58.0.3029.110 Safari/537.36"
10.240.1.64 - - [19/Jun/2017:19:09:28 +0000] "GET /profile-pic/style.css HTTP/1.1" 200 673 "https://advancedkwk-cinthyah.c9users.io/profile-pic/index.html" "Mozilla/5.0 (Macintosh; Intel Mac OS X 10_12_3) AppleWebKit/537.36 (KHTML, like Gecko) Chrome/58.0.3029.110 Safari/537.36"
10.240.0.179 - - [19/Jun/2017:20:16:14 +0000] "GET /profile-pic/index.html HTTP/1.1" 200 823 "-" "Mozilla/5.0 (Macintosh; Intel Mac OS X 10_12_3) AppleWebKit/537.36 (KHTML, like Gecko) Chrome/58.0.3029.110 Safari/537.36"
10.240.1.17 - - [19/Jun/2017:20:16:15 +0000] "GET /profile-pic/style.css HTTP/1.1" 200 673 "https://advancedkwk-cinthyah.c9users.io/profile-pic/index.html" "Mozilla/5.0 (Macintosh; Intel Mac OS X 10_12_3) AppleWebKit/537.36 (KHTML, like Gecko) Chrome/58.0.3029.110 Safari/537.36"
10.240.1.19 - - [19/Jun/2017:20:50:11 +0000] "GET /.c9/profile-pic/page.html HTTP/1.1" 200 507 "-" "Mozilla/5.0 (Macintosh; Intel Mac OS X 10_12_3) AppleWebKit/537.36 (KHTML, like Gecko) Chrome/58.0.3029.110 Safari/537.36"
10.240.0.119 - - [19/Jun/2017:20:50:11 +0000] "GET /.c9/profile-pic/style2.css HTTP/1.1" 200 480 "https://advancedkwk-cinthyah.c9users.io/.c9/profile-pic/page.html" "Mozilla/5.0 (Macintosh; Intel Mac OS X 10_12_3) AppleWebKit/537.36 (KHTML, like Gecko) Chrome/58.0.3029.110 Safari/537.36"
10.240.0.241 - - [19/Jun/2017:20:54:24 +0000] "GET /.c9/profile-pic/page.html HTTP/1.1" 200 930 "-" "Mozilla/5.0 (Macintosh; Intel Mac OS X 10_12_3) AppleWebKit/537.36 (KHTML, like Gecko) Chrome/58.0.3029.110 Safari/537.36"
10.240.0.241 - - [19/Jun/2017:20:54:24 +0000] "GET /.c9/profile-pic/style2.css HTTP/1.1" 200 471 "https://advancedkwk-cinthyah.c9users.io/.c9/profile-pic/page.html" "Mozilla/5.0 (Macintosh; Intel Mac OS X 10_12_3) AppleWebKit/537.36 (KHTML, like Gecko) Chrome/58.0.3029.110 Safari/537.36"
10.240.1.60 - - [19/Jun/2017:20:55:19 +0000] "GET /.c9/profile-pic/page.html HTTP/1.1" 200 734 "-" "Mozilla/5.0 (Macintosh; Intel Mac OS X 10_12_3) AppleWebKit/537.36 (KHTML, like Gecko) Chrome/58.0.3029.110 Safari/537.36"
10.240.0.110 - - [19/Jun/2017:20:55:19 +0000] "GET /.c9/profile-pic/style2.css HTTP/1.1" 200 471 "https://advancedkwk-cinthyah.c9users.io/.c9/profile-pic/page.html" "Mozilla/5.0 (Macintosh; Intel Mac OS X 10_12_3) AppleWebKit/537.36 (KHTML, like Gecko) Chrome/58.0.3029.110 Safari/537.36"
10.240.1.17 - - [19/Jun/2017:20:56:49 +0000] "GET /.c9/profile-pic/page.html HTTP/1.1" 200 734 "-" "Mozilla/5.0 (Macintosh; Intel Mac OS X 10_12_3) AppleWebKit/537.36 (KHTML, like Gecko) Chrome/58.0.3029.110 Safari/537.36"
10.240.0.204 - - [19/Jun/2017:20:56:49 +0000] "GET /.c9/profile-pic/style2.css HTTP/1.1" 200 542 "https://advancedkwk-cinthyah.c9users.io/.c9/profile-pic/page.html" "Mozilla/5.0 (Macintosh; Intel Mac OS X 10_12_3) AppleWebKit/537.36 (KHTML, like Gecko) Chrome/58.0.3029.110 Safari/537.36"
10.240.0.204 - - [19/Jun/2017:20:57:09 +0000] "GET /.c9/profile-pic/page.html HTTP/1.1" 200 740 "-" "Mozilla/5.0 (Macintosh; Intel Mac OS X 10_12_3) AppleWebKit/537.36 (KHTML, like Gecko) Chrome/58.0.3029.110 Safari/537.36"
10.240.0.204 - - [19/Jun/2017:20:57:09 +0000] "GET /.c9/profile-pic/style2.css HTTP/1.1" 200 542 "https://advancedkwk-cinthyah.c9users.io/.c9/profile-pic/page.html" "Mozilla/5.0 (Macintosh; Intel Mac OS X 10_12_3) AppleWebKit/537.36 (KHTML, like Gecko) Chrome/58.0.3029.110 Safari/537.36"
10.240.1.20 - - [19/Jun/2017:21:06:51 +0000] "GET /.c9/profile-pic/page.html HTTP/1.1" 200 944 "-" "Mozilla/5.0 (Macintosh; Intel Mac OS X 10_12_3) AppleWebKit/537.36 (KHTML, like Gecko) Chrome/58.0.3029.110 Safari/537.36"
10.240.1.20 - - [19/Jun/2017:21:06:51 +0000] "GET /.c9/profile-pic/style2.css HTTP/1.1" 200 542 "https://advancedkwk-cinthyah.c9users.io/.c9/profile-pic/page.html" "Mozilla/5.0 (Macintosh; Intel Mac OS X 10_12_3) AppleWebKit/537.36 (KHTML, like Gecko) Chrome/58.0.3029.110 Safari/537.36"
10.240.0.182 - - [19/Jun/2017:21:09:36 +0000] "GET /.c9/profile-pic/page.html HTTP/1.1" 200 996 "-" "Mozilla/5.0 (Macintosh; Intel Mac OS X 10_12_3) AppleWebKit/537.36 (KHTML, like Gecko) Chrome/58.0.3029.110 Safari/537.36"
10.240.0.182 - - [19/Jun/2017:21:09:36 +0000] "GET /.c9/profile-pic/style2.css HTTP/1.1" 200 486 "https://advancedkwk-cinthyah.c9users.io/.c9/profile-pic/page.html" "Mozilla/5.0 (Macintosh; Intel Mac OS X 10_12_3) AppleWebKit/537.36 (KHTML, like Gecko) Chrome/58.0.3029.110 Safari/537.36"
10.240.0.182 - - [19/Jun/2017:21:09:52 +0000] "GET /.c9/profile-pic/page.html HTTP/1.1" 200 996 "-" "Mozilla/5.0 (Macintosh; Intel Mac OS X 10_12_3) AppleWebKit/537.36 (KHTML, like Gecko) Chrome/58.0.3029.110 Safari/537.36"
10.240.0.182 - - [19/Jun/2017:21:09:52 +0000] "GET /.c9/profile-pic/style2.css HTTP/1.1" 200 486 "https://advancedkwk-cinthyah.c9users.io/.c9/profile-pic/page.html" "Mozilla/5.0 (Macintosh; Intel Mac OS X 10_12_3) AppleWebKit/537.36 (KHTML, like Gecko) Chrome/58.0.3029.110 Safari/537.36"
10.240.0.187 - - [19/Jun/2017:21:11:01 +0000] "GET /.c9/profile-pic/page.html HTTP/1.1" 200 996 "-" "Mozilla/5.0 (Macintosh; Intel Mac OS X 10_12_3) AppleWebKit/537.36 (KHTML, like Gecko) Chrome/58.0.3029.110 Safari/537.36"
10.240.0.119 - - [19/Jun/2017:21:11:02 +0000] "GET /.c9/profile-pic/style2.css HTTP/1.1" 200 492 "https://advancedkwk-cinthyah.c9users.io/.c9/profile-pic/page.html" "Mozilla/5.0 (Macintosh; Intel Mac OS X 10_12_3) AppleWebKit/537.36 (KHTML, like Gecko) Chrome/58.0.3029.110 Safari/537.36"
10.240.1.60 - - [19/Jun/2017:21:11:47 +0000] "GET /.c9/profile-pic/page.html HTTP/1.1" 200 998 "-" "Mozilla/5.0 (Macintosh; Intel Mac OS X 10_12_3) AppleWebKit/537.36 (KHTML, like Gecko) Chrome/58.0.3029.110 Safari/537.36"
10.240.0.204 - - [19/Jun/2017:21:11:47 +0000] "GET /.c9/profile-pic/style2.css HTTP/1.1" 200 489 "https://advancedkwk-cinthyah.c9users.io/.c9/profile-pic/page.html" "Mozilla/5.0 (Macintosh; Intel Mac OS X 10_12_3) AppleWebKit/537.36 (KHTML, like Gecko) Chrome/58.0.3029.110 Safari/537.36"
10.240.0.110 - - [19/Jun/2017:21:13:02 +0000] "GET /.c9/profile-pic/page.html HTTP/1.1" 200 991 "-" "Mozilla/5.0 (Macintosh; Intel Mac OS X 10_12_3) AppleWebKit/537.36 (KHTML, like Gecko) Chrome/58.0.3029.110 Safari/537.36"
10.240.1.15 - - [19/Jun/2017:21:13:02 +0000] "GET /.c9/profile-pic/style2.css HTTP/1.1" 200 487 "https://advancedkwk-cinthyah.c9users.io/.c9/profile-pic/page.html" "Mozilla/5.0 (Macintosh; Intel Mac OS X 10_12_3) AppleWebKit/537.36 (KHTML, like Gecko) Chrome/58.0.3029.110 Safari/537.36"
10.240.1.19 - - [19/Jun/2017:21:15:37 +0000] "GET /.c9/profile-pic/page.html HTTP/1.1" 200 992 "-" "Mozilla/5.0 (Macintosh; Intel Mac OS X 10_12_3) AppleWebKit/537.36 (KHTML, like Gecko) Chrome/58.0.3029.110 Safari/537.36"
10.240.0.186 - - [19/Jun/2017:21:15:37 +0000] "GET /.c9/profile-pic/style2.css HTTP/1.1" 200 486 "https://advancedkwk-cinthyah.c9users.io/.c9/profile-pic/page.html" "Mozilla/5.0 (Macintosh; Intel Mac OS X 10_12_3) AppleWebKit/537.36 (KHTML, like Gecko) Chrome/58.0.3029.110 Safari/537.36"
10.240.0.110 - - [19/Jun/2017:21:15:39 +0000] "GET /.c9/profile-pic/page.html HTTP/1.1" 200 992 "-" "Mozilla/5.0 (Macintosh; Intel Mac OS X 10_12_3) AppleWebKit/537.36 (KHTML, like Gecko) Chrome/58.0.3029.110 Safari/537.36"
10.240.0.186 - - [19/Jun/2017:21:15:39 +0000] "GET /.c9/profile-pic/style2.css HTTP/1.1" 200 486 "https://advancedkwk-cinthyah.c9users.io/.c9/profile-pic/page.html" "Mozilla/5.0 (Macintosh; Intel Mac OS X 10_12_3) AppleWebKit/537.36 (KHTML, like Gecko) Chrome/58.0.3029.110 Safari/537.36"
10.240.0.186 - - [19/Jun/2017:21:15:41 +0000] "GET /.c9/profile-pic/page.html HTTP/1.1" 200 992 "-" "Mozilla/5.0 (Macintosh; Intel Mac OS X 10_12_3) AppleWebKit/537.36 (KHTML, like Gecko) Chrome/58.0.3029.110 Safari/537.36"
10.240.1.19 - - [19/Jun/2017:21:15:41 +0000] "GET /.c9/profile-pic/style2.css HTTP/1.1" 200 486 "https://advancedkwk-cinthyah.c9users.io/.c9/profile-pic/page.html" "Mozilla/5.0 (Macintosh; Intel Mac OS X 10_12_3) AppleWebKit/537.36 (KHTML, like Gecko) Chrome/58.0.3029.110 Safari/537.36"
10.240.1.17 - - [19/Jun/2017:21:16:05 +0000] "GET /.c9/profile-pic/page.html HTTP/1.1" 200 992 "-" "Mozilla/5.0 (Macintosh; Intel Mac OS X 10_12_3) AppleWebKit/537.36 (KHTML, like Gecko) Chrome/58.0.3029.110 Safari/537.36"
10.240.1.19 - - [19/Jun/2017:21:16:05 +0000] "GET /.c9/profile-pic/style2.css HTTP/1.1" 200 486 "https://advancedkwk-cinthyah.c9users.io/.c9/profile-pic/page.html" "Mozilla/5.0 (Macintosh; Intel Mac OS X 10_12_3) AppleWebKit/537.36 (KHTML, like Gecko) Chrome/58.0.3029.110 Safari/537.36"
10.240.0.179 - - [19/Jun/2017:21:16:25 +0000] "GET /.c9/profile-pic/page.html HTTP/1.1" 200 992 "-" "Mozilla/5.0 (Macintosh; Intel Mac OS X 10_12_3) AppleWebKit/537.36 (KHTML, like Gecko) Chrome/58.0.3029.110 Safari/537.36"
10.240.0.119 - - [19/Jun/2017:21:16:25 +0000] "GET /.c9/profile-pic/style2.css HTTP/1.1" 200 486 "https://advancedkwk-cinthyah.c9users.io/.c9/profile-pic/page.html" "Mozilla/5.0 (Macintosh; Intel Mac OS X 10_12_3) AppleWebKit/537.36 (KHTML, like Gecko) Chrome/58.0.3029.110 Safari/537.36"
10.240.0.119 - - [19/Jun/2017:21:17:05 +0000] "GET /.c9/profile-pic/page.html HTTP/1.1" 404 536 "-" "Mozilla/5.0 (Macintosh; Intel Mac OS X 10_12_3) AppleWebKit/537.36 (KHTML, like Gecko) Chrome/58.0.3029.110 Safari/537.36"
10.240.0.69 - - [19/Jun/2017:21:17:08 +0000] "GET /.c9/profile-pic/page.html HTTP/1.1" 404 536 "-" "Mozilla/5.0 (Macintosh; Intel Mac OS X 10_12_3) AppleWebKit/537.36 (KHTML, like Gecko) Chrome/58.0.3029.110 Safari/537.36"
10.240.1.32 - - [19/Jun/2017:21:17:28 +0000] "GET /.c9/allison/page.html HTTP/1.1" 200 992 "-" "Mozilla/5.0 (Macintosh; Intel Mac OS X 10_12_3) AppleWebKit/537.36 (KHTML, like Gecko) Chrome/58.0.3029.110 Safari/537.36"
10.240.0.110 - - [19/Jun/2017:21:17:29 +0000] "GET /.c9/allison/style2.css HTTP/1.1" 200 486 "https://advancedkwk-cinthyah.c9users.io/.c9/allison/page.html" "Mozilla/5.0 (Macintosh; Intel Mac OS X 10_12_3) AppleWebKit/537.36 (KHTML, like Gecko) Chrome/58.0.3029.110 Safari/537.36"
10.240.1.20 - - [19/Jun/2017:21:18:12 +0000] "GET /.c9/allison/page.html HTTP/1.1" 200 990 "-" "Mozilla/5.0 (Macintosh; Intel Mac OS X 10_12_3) AppleWebKit/537.36 (KHTML, like Gecko) Chrome/58.0.3029.110 Safari/537.36"
10.240.1.20 - - [19/Jun/2017:21:18:12 +0000] "GET /.c9/allison/style2.css HTTP/1.1" 200 486 "https://advancedkwk-cinthyah.c9users.io/.c9/allison/page.html" "Mozilla/5.0 (Macintosh; Intel Mac OS X 10_12_3) AppleWebKit/537.36 (KHTML, like Gecko) Chrome/58.0.3029.110 Safari/537.36"
10.240.0.187 - - [19/Jun/2017:21:18:56 +0000] "GET /.c9/allison/page.html HTTP/1.1" 200 990 "-" "Mozilla/5.0 (Macintosh; Intel Mac OS X 10_12_3) AppleWebKit/537.36 (KHTML, like Gecko) Chrome/58.0.3029.110 Safari/537.36"
10.240.0.187 - - [19/Jun/2017:21:18:56 +0000] "GET /.c9/allison/style2.css HTTP/1.1" 200 499 "https://advancedkwk-cinthyah.c9users.io/.c9/allison/page.html" "Mozilla/5.0 (Macintosh; Intel Mac OS X 10_12_3) AppleWebKit/537.36 (KHTML, like Gecko) Chrome/58.0.3029.110 Safari/537.36"
10.240.1.32 - - [19/Jun/2017:21:27:37 +0000] "GET /.c9/allison/page.html HTTP/1.1" 200 1009 "-" "Mozilla/5.0 (Macintosh; Intel Mac OS X 10_12_3) AppleWebKit/537.36 (KHTML, like Gecko) Chrome/58.0.3029.110 Safari/537.36"
10.240.0.186 - - [19/Jun/2017:21:27:37 +0000] "GET /.c9/allison/style2.css HTTP/1.1" 200 537 "https://advancedkwk-cinthyah.c9users.io/.c9/allison/page.html" "Mozilla/5.0 (Macintosh; Intel Mac OS X 10_12_3) AppleWebKit/537.36 (KHTML, like Gecko) Chrome/58.0.3029.110 Safari/537.36"
10.240.1.20 - - [19/Jun/2017:21:28:25 +0000] "GET /.c9/allison/page.html HTTP/1.1" 200 1009 "-" "Mozilla/5.0 (Macintosh; Intel Mac OS X 10_12_3) AppleWebKit/537.36 (KHTML, like Gecko) Chrome/58.0.3029.110 Safari/537.36"
10.240.1.64 - - [19/Jun/2017:21:28:26 +0000] "GET /.c9/allison/style2.css HTTP/1.1" 200 537 "https://advancedkwk-cinthyah.c9users.io/.c9/allison/page.html" "Mozilla/5.0 (Macintosh; Intel Mac OS X 10_12_3) AppleWebKit/537.36 (KHTML, like Gecko) Chrome/58.0.3029.110 Safari/537.36"
10.240.0.182 - - [19/Jun/2017:21:28:34 +0000] "GET /.c9/allison/style2.css HTTP/1.1" 200 537 "https://advancedkwk-cinthyah.c9users.io/.c9/allison/page.html" "Mozilla/5.0 (Macintosh; Intel Mac OS X 10_12_3) AppleWebKit/537.36 (KHTML, like Gecko) Chrome/58.0.3029.110 Safari/537.36"
10.240.0.119 - - [19/Jun/2017:21:30:30 +0000] "GET /.c9/allison/page.html HTTP/1.1" 200 1013 "-" "Mozilla/5.0 (Macintosh; Intel Mac OS X 10_12_3) AppleWebKit/537.36 (KHTML, like Gecko) Chrome/58.0.3029.110 Safari/537.36"
10.240.0.186 - - [19/Jun/2017:21:30:30 +0000] "GET /.c9/allison/style2.css HTTP/1.1" 200 537 "https://advancedkwk-cinthyah.c9users.io/.c9/allison/page.html" "Mozilla/5.0 (Macintosh; Intel Mac OS X 10_12_3) AppleWebKit/537.36 (KHTML, like Gecko) Chrome/58.0.3029.110 Safari/537.36"
10.240.0.69 - - [19/Jun/2017:21:31:32 +0000] "GET /.c9/allison/page.html HTTP/1.1" 200 1014 "-" "Mozilla/5.0 (Macintosh; Intel Mac OS X 10_12_3) AppleWebKit/537.36 (KHTML, like Gecko) Chrome/58.0.3029.110 Safari/537.36"
10.240.0.69 - - [19/Jun/2017:21:31:33 +0000] "GET /.c9/allison/style2.css HTTP/1.1" 200 537 "https://advancedkwk-cinthyah.c9users.io/.c9/allison/page.html" "Mozilla/5.0 (Macintosh; Intel Mac OS X 10_12_3) AppleWebKit/537.36 (KHTML, like Gecko) Chrome/58.0.3029.110 Safari/537.36"
10.240.1.32 - - [19/Jun/2017:21:32:30 +0000] "GET /.c9/allison/page.html HTTP/1.1" 200 1014 "-" "Mozilla/5.0 (Macintosh; Intel Mac OS X 10_12_3) AppleWebKit/537.36 (KHTML, like Gecko) Chrome/58.0.3029.110 Safari/537.36"
10.240.1.15 - - [19/Jun/2017:21:32:31 +0000] "GET /.c9/allison/style2.css HTTP/1.1" 200 537 "https://advancedkwk-cinthyah.c9users.io/.c9/allison/page.html" "Mozilla/5.0 (Macintosh; Intel Mac OS X 10_12_3) AppleWebKit/537.36 (KHTML, like Gecko) Chrome/58.0.3029.110 Safari/537.36"
10.240.0.119 - - [19/Jun/2017:21:33:50 +0000] "GET /.c9/allison/page.html HTTP/1.1" 200 1014 "-" "Mozilla/5.0 (Macintosh; Intel Mac OS X 10_12_3) AppleWebKit/537.36 (KHTML, like Gecko) Chrome/58.0.3029.110 Safari/537.36"
10.240.1.64 - - [19/Jun/2017:21:33:50 +0000] "GET /.c9/allison/style2.css HTTP/1.1" 200 517 "https://advancedkwk-cinthyah.c9users.io/.c9/allison/page.html" "Mozilla/5.0 (Macintosh; Intel Mac OS X 10_12_3) AppleWebKit/537.36 (KHTML, like Gecko) Chrome/58.0.3029.110 Safari/537.36"
10.240.0.241 - - [19/Jun/2017:21:34:09 +0000] "GET /.c9/allison/page.html HTTP/1.1" 200 1014 "-" "Mozilla/5.0 (Macintosh; Intel Mac OS X 10_12_3) AppleWebKit/537.36 (KHTML, like Gecko) Chrome/58.0.3029.110 Safari/537.36"
10.240.0.69 - - [19/Jun/2017:21:34:09 +0000] "GET /.c9/allison/style2.css HTTP/1.1" 200 519 "https://advancedkwk-cinthyah.c9users.io/.c9/allison/page.html" "Mozilla/5.0 (Macintosh; Intel Mac OS X 10_12_3) AppleWebKit/537.36 (KHTML, like Gecko) Chrome/58.0.3029.110 Safari/537.36"
10.240.0.204 - - [19/Jun/2017:21:34:39 +0000] "GET /.c9/allison/page.html HTTP/1.1" 200 1014 "-" "Mozilla/5.0 (Macintosh; Intel Mac OS X 10_12_3) AppleWebKit/537.36 (KHTML, like Gecko) Chrome/58.0.3029.110 Safari/537.36"
10.240.0.204 - - [19/Jun/2017:21:34:39 +0000] "GET /.c9/allison/style2.css HTTP/1.1" 200 520 "https://advancedkwk-cinthyah.c9users.io/.c9/allison/page.html" "Mozilla/5.0 (Macintosh; Intel Mac OS X 10_12_3) AppleWebKit/537.36 (KHTML, like Gecko) Chrome/58.0.3029.110 Safari/537.36"
10.240.1.64 - - [19/Jun/2017:21:34:57 +0000] "GET /.c9/allison/page.html HTTP/1.1" 200 1014 "-" "Mozilla/5.0 (Macintosh; Intel Mac OS X 10_12_3) AppleWebKit/537.36 (KHTML, like Gecko) Chrome/58.0.3029.110 Safari/537.36"
10.240.1.32 - - [19/Jun/2017:21:34:57 +0000] "GET /.c9/allison/style2.css HTTP/1.1" 200 519 "https://advancedkwk-cinthyah.c9users.io/.c9/allison/page.html" "Mozilla/5.0 (Macintosh; Intel Mac OS X 10_12_3) AppleWebKit/537.36 (KHTML, like Gecko) Chrome/58.0.3029.110 Safari/537.36"
10.240.0.187 - - [19/Jun/2017:21:36:07 +0000] "GET /.c9/allison/page.html HTTP/1.1" 200 1014 "-" "Mozilla/5.0 (Macintosh; Intel Mac OS X 10_12_3) AppleWebKit/537.36 (KHTML, like Gecko) Chrome/58.0.3029.110 Safari/537.36"
10.240.0.179 - - [19/Jun/2017:21:36:07 +0000] "GET /.c9/allison/style2.css HTTP/1.1" 200 531 "https://advancedkwk-cinthyah.c9users.io/.c9/allison/page.html" "Mozilla/5.0 (Macintosh; Intel Mac OS X 10_12_3) AppleWebKit/537.36 (KHTML, like Gecko) Chrome/58.0.3029.110 Safari/537.36"
10.240.0.204 - - [19/Jun/2017:21:37:04 +0000] "GET /.c9/allison/page.html HTTP/1.1" 200 1014 "-" "Mozilla/5.0 (Macintosh; Intel Mac OS X 10_12_3) AppleWebKit/537.36 (KHTML, like Gecko) Chrome/58.0.3029.110 Safari/537.36"
10.240.0.241 - - [19/Jun/2017:21:37:04 +0000] "GET /.c9/allison/style2.css HTTP/1.1" 200 535 "https://advancedkwk-cinthyah.c9users.io/.c9/allison/page.html" "Mozilla/5.0 (Macintosh; Intel Mac OS X 10_12_3) AppleWebKit/537.36 (KHTML, like Gecko) Chrome/58.0.3029.110 Safari/537.36"
10.240.0.204 - - [19/Jun/2017:21:37:37 +0000] "GET /.c9/allison/page.html HTTP/1.1" 200 1014 "-" "Mozilla/5.0 (Macintosh; Intel Mac OS X 10_12_3) AppleWebKit/537.36 (KHTML, like Gecko) Chrome/58.0.3029.110 Safari/537.36"
10.240.0.241 - - [19/Jun/2017:21:37:37 +0000] "GET /.c9/allison/style2.css HTTP/1.1" 200 536 "https://advancedkwk-cinthyah.c9users.io/.c9/allison/page.html" "Mozilla/5.0 (Macintosh; Intel Mac OS X 10_12_3) AppleWebKit/537.36 (KHTML, like Gecko) Chrome/58.0.3029.110 Safari/537.36"
10.240.0.187 - - [19/Jun/2017:21:57:09 +0000] "GET /pharrel-album-cover-lab/index.html HTTP/1.1" 200 798 "-" "Mozilla/5.0 (Macintosh; Intel Mac OS X 10_12_3) AppleWebKit/537.36 (KHTML, like Gecko) Chrome/58.0.3029.110 Safari/537.36"
10.240.1.15 - - [19/Jun/2017:21:57:09 +0000] "GET /pharrel-album-cover-lab/css/style.css HTTP/1.1" 200 1687 "https://advancedkwk-cinthyah.c9users.io/pharrel-album-cover-lab/index.html" "Mozilla/5.0 (Macintosh; Intel Mac OS X 10_12_3) AppleWebKit/537.36 (KHTML, like Gecko) Chrome/58.0.3029.110 Safari/537.36"
10.240.0.119 - - [19/Jun/2017:21:57:49 +0000] "GET /pharrel-album-cover-lab/css/style.css HTTP/1.1" 200 1687 "https://advancedkwk-cinthyah.c9users.io/pharrel-album-cover-lab/index.html" "Mozilla/5.0 (Macintosh; Intel Mac OS X 10_12_3) AppleWebKit/537.36 (KHTML, like Gecko) Chrome/58.0.3029.110 Safari/537.36"
10.240.1.64 - - [19/Jun/2017:23:22:22 +0000] "GET / HTTP/1.1" 200 708 "https://ide.c9.io/cinthyah/advancedkwk" "Mozilla/5.0 (Macintosh; Intel Mac OS X 10_12_3) AppleWebKit/537.36 (KHTML, like Gecko) Chrome/58.0.3029.110 Safari/537.36"
10.240.1.64 - - [19/Jun/2017:23:22:22 +0000] "GET /icons/folder.gif HTTP/1.1" 200 508 "https://advancedkwk-cinthyah.c9users.io/" "Mozilla/5.0 (Macintosh; Intel Mac OS X 10_12_3) AppleWebKit/537.36 (KHTML, like Gecko) Chrome/58.0.3029.110 Safari/537.36"
10.240.0.241 - - [19/Jun/2017:23:22:22 +0000] "GET /icons/blank.gif HTTP/1.1" 200 431 "https://advancedkwk-cinthyah.c9users.io/" "Mozilla/5.0 (Macintosh; Intel Mac OS X 10_12_3) AppleWebKit/537.36 (KHTML, like Gecko) Chrome/58.0.3029.110 Safari/537.36"
10.240.1.32 - - [19/Jun/2017:23:22:25 +0000] "GET / HTTP/1.1" 200 708 "https://ide.c9.io/cinthyah/advancedkwk" "Mozilla/5.0 (Macintosh; Intel Mac OS X 10_12_3) AppleWebKit/537.36 (KHTML, like Gecko) Chrome/58.0.3029.110 Safari/537.36"
10.240.1.19 - - [20/Jun/2017:22:59:13 +0000] "GET /ford-functions-lab-in-js/index.html HTTP/1.1" 200 661 "https://ide.c9.io/cinthyah/advancedkwk" "Mozilla/5.0 (Macintosh; Intel Mac OS X 10_12_3) AppleWebKit/537.36 (KHTML, like Gecko) Chrome/58.0.3029.110 Safari/537.36"
10.240.1.19 - - [20/Jun/2017:22:59:13 +0000] "GET /ford-functions-lab-in-js/node_modules/mocha/mocha.css HTTP/1.1" 200 1822 "https://advancedkwk-cinthyah.c9users.io/ford-functions-lab-in-js/index.html" "Mozilla/5.0 (Macintosh; Intel Mac OS X 10_12_3) AppleWebKit/537.36 (KHTML, like Gecko) Chrome/58.0.3029.110 Safari/537.36"
10.240.1.19 - - [20/Jun/2017:22:59:13 +0000] "GET /ford-functions-lab-in-js/node_modules/mocha/mocha.js HTTP/1.1" 200 81978 "https://advancedkwk-cinthyah.c9users.io/ford-functions-lab-in-js/index.html" "Mozilla/5.0 (Macintosh; Intel Mac OS X 10_12_3) AppleWebKit/537.36 (KHTML, like Gecko) Chrome/58.0.3029.110 Safari/537.36"
10.240.1.19 - - [20/Jun/2017:22:59:13 +0000] "GET /ford-functions-lab-in-js/node_modules/expect/umd/expect.min.js HTTP/1.1" 200 15646 "https://advancedkwk-cinthyah.c9users.io/ford-functions-lab-in-js/index.html" "Mozilla/5.0 (Macintosh; Intel Mac OS X 10_12_3) AppleWebKit/537.36 (KHTML, like Gecko) Chrome/58.0.3029.110 Safari/537.36"
10.240.1.17 - - [20/Jun/2017:22:59:13 +0000] "GET /ford-functions-lab-in-js/index.js HTTP/1.1" 200 956 "https://advancedkwk-cinthyah.c9users.io/ford-functions-lab-in-js/index.html" "Mozilla/5.0 (Macintosh; Intel Mac OS X 10_12_3) AppleWebKit/537.36 (KHTML, like Gecko) Chrome/58.0.3029.110 Safari/537.36"
10.240.1.20 - - [20/Jun/2017:22:59:13 +0000] "GET /ford-functions-lab-in-js/test/index-test.js HTTP/1.1" 200 800 "https://advancedkwk-cinthyah.c9users.io/ford-functions-lab-in-js/index.html" "Mozilla/5.0 (Macintosh; Intel Mac OS X 10_12_3) AppleWebKit/537.36 (KHTML, like Gecko) Chrome/58.0.3029.110 Safari/537.36"
10.240.1.15 - - [20/Jun/2017:23:00:01 +0000] "GET /ford-functions-lab-in-js/index.js HTTP/1.1" 200 956 "https://advancedkwk-cinthyah.c9users.io/ford-functions-lab-in-js/index.html" "Mozilla/5.0 (Macintosh; Intel Mac OS X 10_12_3) AppleWebKit/537.36 (KHTML, like Gecko) Chrome/58.0.3029.110 Safari/537.36"
10.240.0.182 - - [20/Jun/2017:23:00:01 +0000] "GET /ford-functions-lab-in-js/test/index-test.js HTTP/1.1" 200 800 "https://advancedkwk-cinthyah.c9users.io/ford-functions-lab-in-js/index.html" "Mozilla/5.0 (Macintosh; Intel Mac OS X 10_12_3) AppleWebKit/537.36 (KHTML, like Gecko) Chrome/58.0.3029.110 Safari/537.36"
10.240.1.19 - - [20/Jun/2017:23:01:10 +0000] "GET /ford-functions-lab-in-js/index.js HTTP/1.1" 200 922 "https://advancedkwk-cinthyah.c9users.io/ford-functions-lab-in-js/index.html" "Mozilla/5.0 (Macintosh; Intel Mac OS X 10_12_3) AppleWebKit/537.36 (KHTML, like Gecko) Chrome/58.0.3029.110 Safari/537.36"
10.240.1.15 - - [20/Jun/2017:23:01:10 +0000] "GET /ford-functions-lab-in-js/test/index-test.js HTTP/1.1" 200 800 "https://advancedkwk-cinthyah.c9users.io/ford-functions-lab-in-js/index.html" "Mozilla/5.0 (Macintosh; Intel Mac OS X 10_12_3) AppleWebKit/537.36 (KHTML, like Gecko) Chrome/58.0.3029.110 Safari/537.36"
10.240.0.182 - - [21/Jun/2017:16:10:27 +0000] "GET /ford-functions-lab-in-js/index.html HTTP/1.1" 200 661 "https://ide.c9.io/cinthyah/advancedkwk" "Mozilla/5.0 (Macintosh; Intel Mac OS X 10_12_3) AppleWebKit/537.36 (KHTML, like Gecko) Chrome/58.0.3029.110 Safari/537.36"
10.240.0.182 - - [21/Jun/2017:16:10:28 +0000] "GET /ford-functions-lab-in-js/index.js HTTP/1.1" 200 931 "https://advancedkwk-cinthyah.c9users.io/ford-functions-lab-in-js/index.html" "Mozilla/5.0 (Macintosh; Intel Mac OS X 10_12_3) AppleWebKit/537.36 (KHTML, like Gecko) Chrome/58.0.3029.110 Safari/537.36"
10.240.1.17 - - [21/Jun/2017:16:10:28 +0000] "GET /ford-functions-lab-in-js/test/index-test.js HTTP/1.1" 200 800 "https://advancedkwk-cinthyah.c9users.io/ford-functions-lab-in-js/index.html" "Mozilla/5.0 (Macintosh; Intel Mac OS X 10_12_3) AppleWebKit/537.36 (KHTML, like Gecko) Chrome/58.0.3029.110 Safari/537.36"
10.240.1.17 - - [21/Jun/2017:17:53:35 +0000] "GET /data-structures-js/index.html HTTP/1.1" 200 515 "https://ide.c9.io/cinthyah/advancedkwk" "Mozilla/5.0 (Macintosh; Intel Mac OS X 10_12_3) AppleWebKit/537.36 (KHTML, like Gecko) Chrome/58.0.3029.110 Safari/537.36"
10.240.1.19 - - [21/Jun/2017:17:53:37 +0000] "GET /data-structures-js/index.html HTTP/1.1" 200 515 "https://ide.c9.io/cinthyah/advancedkwk" "Mozilla/5.0 (Macintosh; Intel Mac OS X 10_12_3) AppleWebKit/537.36 (KHTML, like Gecko) Chrome/58.0.3029.110 Safari/537.36"
10.240.1.19 - - [21/Jun/2017:17:53:37 +0000] "GET /data-structures-js/index.html HTTP/1.1" 200 515 "https://ide.c9.io/cinthyah/advancedkwk" "Mozilla/5.0 (Macintosh; Intel Mac OS X 10_12_3) AppleWebKit/537.36 (KHTML, like Gecko) Chrome/58.0.3029.110 Safari/537.36"
10.240.0.182 - - [21/Jun/2017:17:59:26 +0000] "GET /data-structures-js/index.html HTTP/1.1" 200 515 "https://ide.c9.io/cinthyah/advancedkwk" "Mozilla/5.0 (Macintosh; Intel Mac OS X 10_12_3) AppleWebKit/537.36 (KHTML, like Gecko) Chrome/58.0.3029.110 Safari/537.36"
10.240.0.241 - - [21/Jun/2017:18:00:27 +0000] "GET /data-structures-js/index.html HTTP/1.1" 200 515 "https://ide.c9.io/cinthyah/advancedkwk" "Mozilla/5.0 (Macintosh; Intel Mac OS X 10_12_3) AppleWebKit/537.36 (KHTML, like Gecko) Chrome/58.0.3029.110 Safari/537.36"
10.240.1.19 - - [21/Jun/2017:18:00:38 +0000] "GET /data-structures-js/index.html HTTP/1.1" 200 567 "https://ide.c9.io/cinthyah/advancedkwk" "Mozilla/5.0 (Macintosh; Intel Mac OS X 10_12_3) AppleWebKit/537.36 (KHTML, like Gecko) Chrome/58.0.3029.110 Safari/537.36"
10.240.1.17 - - [21/Jun/2017:18:00:38 +0000] "GET /data-structures-js/dataStructures.js HTTP/1.1" 404 547 "https://advancedkwk-cinthyah.c9users.io/data-structures-js/index.html" "Mozilla/5.0 (Macintosh; Intel Mac OS X 10_12_3) AppleWebKit/537.36 (KHTML, like Gecko) Chrome/58.0.3029.110 Safari/537.36"
10.240.0.186 - - [21/Jun/2017:18:01:28 +0000] "GET /data-structures-js/index.html HTTP/1.1" 200 567 "https://ide.c9.io/cinthyah/advancedkwk" "Mozilla/5.0 (Macintosh; Intel Mac OS X 10_12_3) AppleWebKit/537.36 (KHTML, like Gecko) Chrome/58.0.3029.110 Safari/537.36"
10.240.0.182 - - [21/Jun/2017:18:01:28 +0000] "GET /data-structures-js/dataStructure.js HTTP/1.1" 200 1054 "https://advancedkwk-cinthyah.c9users.io/data-structures-js/index.html" "Mozilla/5.0 (Macintosh; Intel Mac OS X 10_12_3) AppleWebKit/537.36 (KHTML, like Gecko) Chrome/58.0.3029.110 Safari/537.36"
10.240.0.186 - - [21/Jun/2017:18:01:45 +0000] "GET /data-structures-js/index.html HTTP/1.1" 200 567 "https://ide.c9.io/cinthyah/advancedkwk" "Mozilla/5.0 (Macintosh; Intel Mac OS X 10_12_3) AppleWebKit/537.36 (KHTML, like Gecko) Chrome/58.0.3029.110 Safari/537.36"
10.240.1.64 - - [21/Jun/2017:18:01:45 +0000] "GET /data-structures-js/dataStructure.js HTTP/1.1" 200 1054 "https://advancedkwk-cinthyah.c9users.io/data-structures-js/index.html" "Mozilla/5.0 (Macintosh; Intel Mac OS X 10_12_3) AppleWebKit/537.36 (KHTML, like Gecko) Chrome/58.0.3029.110 Safari/537.36"
10.240.0.241 - - [21/Jun/2017:18:02:06 +0000] "GET /data-structures-js/index.html HTTP/1.1" 200 567 "https://ide.c9.io/cinthyah/advancedkwk" "Mozilla/5.0 (Macintosh; Intel Mac OS X 10_12_3) AppleWebKit/537.36 (KHTML, like Gecko) Chrome/58.0.3029.110 Safari/537.36"
10.240.0.182 - - [21/Jun/2017:18:02:07 +0000] "GET /data-structures-js/dataStructure.js HTTP/1.1" 200 1059 "https://advancedkwk-cinthyah.c9users.io/data-structures-js/index.html" "Mozilla/5.0 (Macintosh; Intel Mac OS X 10_12_3) AppleWebKit/537.36 (KHTML, like Gecko) Chrome/58.0.3029.110 Safari/537.36"
10.240.1.19 - - [21/Jun/2017:18:03:41 +0000] "GET /data-structures-js/index.html HTTP/1.1" 200 567 "https://ide.c9.io/cinthyah/advancedkwk" "Mozilla/5.0 (Macintosh; Intel Mac OS X 10_12_3) AppleWebKit/537.36 (KHTML, like Gecko) Chrome/58.0.3029.110 Safari/537.36"
10.240.0.186 - - [21/Jun/2017:18:03:42 +0000] "GET /data-structures-js/dataStructure.js HTTP/1.1" 200 1060 "https://advancedkwk-cinthyah.c9users.io/data-structures-js/index.html" "Mozilla/5.0 (Macintosh; Intel Mac OS X 10_12_3) AppleWebKit/537.36 (KHTML, like Gecko) Chrome/58.0.3029.110 Safari/537.36"
10.240.1.64 - - [21/Jun/2017:18:04:48 +0000] "GET /data-structures-js/index.html HTTP/1.1" 200 567 "https://ide.c9.io/cinthyah/advancedkwk" "Mozilla/5.0 (Macintosh; Intel Mac OS X 10_12_3) AppleWebKit/537.36 (KHTML, like Gecko) Chrome/58.0.3029.110 Safari/537.36"
10.240.1.20 - - [21/Jun/2017:18:04:49 +0000] "GET /data-structures-js/dataStructure.js HTTP/1.1" 200 1059 "https://advancedkwk-cinthyah.c9users.io/data-structures-js/index.html" "Mozilla/5.0 (Macintosh; Intel Mac OS X 10_12_3) AppleWebKit/537.36 (KHTML, like Gecko) Chrome/58.0.3029.110 Safari/537.36"
10.240.0.186 - - [21/Jun/2017:18:07:55 +0000] "GET /data-structures-js/index.html HTTP/1.1" 200 567 "https://ide.c9.io/cinthyah/advancedkwk" "Mozilla/5.0 (Macintosh; Intel Mac OS X 10_12_3) AppleWebKit/537.36 (KHTML, like Gecko) Chrome/58.0.3029.110 Safari/537.36"
10.240.0.186 - - [21/Jun/2017:18:07:55 +0000] "GET /data-structures-js/dataStructure.js HTTP/1.1" 200 1064 "https://advancedkwk-cinthyah.c9users.io/data-structures-js/index.html" "Mozilla/5.0 (Macintosh; Intel Mac OS X 10_12_3) AppleWebKit/537.36 (KHTML, like Gecko) Chrome/58.0.3029.110 Safari/537.36"
10.240.0.69 - - [21/Jun/2017:18:08:58 +0000] "GET /data-structures-js/index.html HTTP/1.1" 200 576 "https://ide.c9.io/cinthyah/advancedkwk" "Mozilla/5.0 (Macintosh; Intel Mac OS X 10_12_3) AppleWebKit/537.36 (KHTML, like Gecko) Chrome/58.0.3029.110 Safari/537.36"
10.240.1.64 - - [21/Jun/2017:18:08:58 +0000] "GET /data-structures-js/dataStructure.js HTTP/1.1" 200 1064 "https://advancedkwk-cinthyah.c9users.io/data-structures-js/index.html" "Mozilla/5.0 (Macintosh; Intel Mac OS X 10_12_3) AppleWebKit/537.36 (KHTML, like Gecko) Chrome/58.0.3029.110 Safari/537.36"
10.240.0.110 - - [21/Jun/2017:18:13:14 +0000] "GET /data-structures-js/index.html HTTP/1.1" 200 576 "https://ide.c9.io/cinthyah/advancedkwk" "Mozilla/5.0 (Macintosh; Intel Mac OS X 10_12_3) AppleWebKit/537.36 (KHTML, like Gecko) Chrome/58.0.3029.110 Safari/537.36"
10.240.0.110 - - [21/Jun/2017:18:13:14 +0000] "GET /data-structures-js/dataStructure.js HTTP/1.1" 200 1069 "https://advancedkwk-cinthyah.c9users.io/data-structures-js/index.html" "Mozilla/5.0 (Macintosh; Intel Mac OS X 10_12_3) AppleWebKit/537.36 (KHTML, like Gecko) Chrome/58.0.3029.110 Safari/537.36"
10.240.0.110 - - [21/Jun/2017:18:13:47 +0000] "GET /data-structures-js/index.html HTTP/1.1" 200 581 "https://ide.c9.io/cinthyah/advancedkwk" "Mozilla/5.0 (Macintosh; Intel Mac OS X 10_12_3) AppleWebKit/537.36 (KHTML, like Gecko) Chrome/58.0.3029.110 Safari/537.36"
10.240.1.32 - - [21/Jun/2017:18:13:47 +0000] "GET /data-structures-js/dataStructure.js HTTP/1.1" 200 1069 "https://advancedkwk-cinthyah.c9users.io/data-structures-js/index.html" "Mozilla/5.0 (Macintosh; Intel Mac OS X 10_12_3) AppleWebKit/537.36 (KHTML, like Gecko) Chrome/58.0.3029.110 Safari/537.36"
10.240.1.60 - - [21/Jun/2017:18:15:06 +0000] "GET /data-structures-js/index.html HTTP/1.1" 200 586 "https://ide.c9.io/cinthyah/advancedkwk" "Mozilla/5.0 (Macintosh; Intel Mac OS X 10_12_3) AppleWebKit/537.36 (KHTML, like Gecko) Chrome/58.0.3029.110 Safari/537.36"
10.240.0.69 - - [21/Jun/2017:18:15:06 +0000] "GET /data-structures-js/dataStructure.js HTTP/1.1" 200 1063 "https://advancedkwk-cinthyah.c9users.io/data-structures-js/index.html" "Mozilla/5.0 (Macintosh; Intel Mac OS X 10_12_3) AppleWebKit/537.36 (KHTML, like Gecko) Chrome/58.0.3029.110 Safari/537.36"
10.240.1.20 - - [21/Jun/2017:18:15:14 +0000] "GET /data-structures-js/index.html HTTP/1.1" 200 586 "https://ide.c9.io/cinthyah/advancedkwk" "Mozilla/5.0 (Macintosh; Intel Mac OS X 10_12_3) AppleWebKit/537.36 (KHTML, like Gecko) Chrome/58.0.3029.110 Safari/537.36"
10.240.1.20 - - [21/Jun/2017:18:15:15 +0000] "GET /data-structures-js/dataStructure.js HTTP/1.1" 200 1063 "https://advancedkwk-cinthyah.c9users.io/data-structures-js/index.html" "Mozilla/5.0 (Macintosh; Intel Mac OS X 10_12_3) AppleWebKit/537.36 (KHTML, like Gecko) Chrome/58.0.3029.110 Safari/537.36"
10.240.0.241 - - [21/Jun/2017:18:16:54 +0000] "GET /data-structures-js/index.html HTTP/1.1" 200 586 "https://ide.c9.io/cinthyah/advancedkwk" "Mozilla/5.0 (Macintosh; Intel Mac OS X 10_12_3) AppleWebKit/537.36 (KHTML, like Gecko) Chrome/58.0.3029.110 Safari/537.36"
10.240.0.241 - - [21/Jun/2017:18:16:54 +0000] "GET /data-structures-js/dataStructure.js HTTP/1.1" 200 1063 "https://advancedkwk-cinthyah.c9users.io/data-structures-js/index.html" "Mozilla/5.0 (Macintosh; Intel Mac OS X 10_12_3) AppleWebKit/537.36 (KHTML, like Gecko) Chrome/58.0.3029.110 Safari/537.36"
10.240.1.17 - - [21/Jun/2017:18:18:11 +0000] "GET /data-structures-js/index.html HTTP/1.1" 200 586 "https://ide.c9.io/cinthyah/advancedkwk" "Mozilla/5.0 (Macintosh; Intel Mac OS X 10_12_3) AppleWebKit/537.36 (KHTML, like Gecko) Chrome/58.0.3029.110 Safari/537.36"
