10.240.0.204 - - [21/Jun/2017:18:18:11 +0000] "GET /data-structures-js/dataStructure.js HTTP/1.1" 200 1069 "https://advancedkwk-cinthyah.c9users.io/data-structures-js/index.html" "Mozilla/5.0 (Macintosh; Intel Mac OS X 10_12_3) AppleWebKit/537.36 (KHTML, like Gecko) Chrome/58.0.3029.110 Safari/537.36"
10.240.0.187 - - [21/Jun/2017:20:42:27 +0000] "GET / HTTP/1.1" 200 982 "https://ide.c9.io/cinthyah/advancedkwk" "Mozilla/5.0 (Macintosh; Intel Mac OS X 10_12_3) AppleWebKit/537.36 (KHTML, like Gecko) Chrome/58.0.3029.110 Safari/537.36"
10.240.0.187 - - [21/Jun/2017:20:42:28 +0000] "GET /icons/blank.gif HTTP/1.1" 200 431 "https://advancedkwk-cinthyah.c9users.io/" "Mozilla/5.0 (Macintosh; Intel Mac OS X 10_12_3) AppleWebKit/537.36 (KHTML, like Gecko) Chrome/58.0.3029.110 Safari/537.36"
10.240.0.241 - - [21/Jun/2017:20:42:28 +0000] "GET /icons/folder.gif HTTP/1.1" 200 508 "https://advancedkwk-cinthyah.c9users.io/" "Mozilla/5.0 (Macintosh; Intel Mac OS X 10_12_3) AppleWebKit/537.36 (KHTML, like Gecko) Chrome/58.0.3029.110 Safari/537.36"
10.240.1.32 - - [21/Jun/2017:20:42:28 +0000] "GET /icons/unknown.gif HTTP/1.1" 200 528 "https://advancedkwk-cinthyah.c9users.io/" "Mozilla/5.0 (Macintosh; Intel Mac OS X 10_12_3) AppleWebKit/537.36 (KHTML, like Gecko) Chrome/58.0.3029.110 Safari/537.36"
10.240.1.15 - - [21/Jun/2017:20:42:30 +0000] "GET / HTTP/1.1" 200 982 "https://ide.c9.io/cinthyah/advancedkwk" "Mozilla/5.0 (Macintosh; Intel Mac OS X 10_12_3) AppleWebKit/537.36 (KHTML, like Gecko) Chrome/58.0.3029.110 Safari/537.36"
10.240.1.15 - - [21/Jun/2017:20:42:32 +0000] "GET / HTTP/1.1" 200 982 "https://ide.c9.io/cinthyah/advancedkwk" "Mozilla/5.0 (Macintosh; Intel Mac OS X 10_12_3) AppleWebKit/537.36 (KHTML, like Gecko) Chrome/58.0.3029.110 Safari/537.36"
10.240.0.182 - - [21/Jun/2017:20:42:32 +0000] "GET / HTTP/1.1" 200 982 "https://ide.c9.io/cinthyah/advancedkwk" "Mozilla/5.0 (Macintosh; Intel Mac OS X 10_12_3) AppleWebKit/537.36 (KHTML, like Gecko) Chrome/58.0.3029.110 Safari/537.36"
10.240.1.60 - - [21/Jun/2017:20:42:42 +0000] "GET / HTTP/1.1" 200 984 "https://ide.c9.io/cinthyah/advancedkwk" "Mozilla/5.0 (Macintosh; Intel Mac OS X 10_12_3) AppleWebKit/537.36 (KHTML, like Gecko) Chrome/58.0.3029.110 Safari/537.36"
10.240.1.20 - - [21/Jun/2017:20:42:46 +0000] "GET / HTTP/1.1" 200 984 "https://ide.c9.io/cinthyah/advancedkwk" "Mozilla/5.0 (Macintosh; Intel Mac OS X 10_12_3) AppleWebKit/537.36 (KHTML, like Gecko) Chrome/58.0.3029.110 Safari/537.36"
10.240.1.64 - - [21/Jun/2017:20:42:53 +0000] "GET / HTTP/1.1" 200 984 "https://ide.c9.io/cinthyah/advancedkwk" "Mozilla/5.0 (Macintosh; Intel Mac OS X 10_12_3) AppleWebKit/537.36 (KHTML, like Gecko) Chrome/58.0.3029.110 Safari/537.36"
10.240.1.60 - - [21/Jun/2017:20:42:55 +0000] "GET / HTTP/1.1" 200 984 "https://ide.c9.io/cinthyah/advancedkwk" "Mozilla/5.0 (Macintosh; Intel Mac OS X 10_12_3) AppleWebKit/537.36 (KHTML, like Gecko) Chrome/58.0.3029.110 Safari/537.36"
10.240.1.19 - - [21/Jun/2017:20:43:00 +0000] "GET / HTTP/1.1" 200 984 "https://ide.c9.io/cinthyah/advancedkwk" "Mozilla/5.0 (Macintosh; Intel Mac OS X 10_12_3) AppleWebKit/537.36 (KHTML, like Gecko) Chrome/58.0.3029.110 Safari/537.36"
10.240.0.179 - - [21/Jun/2017:20:43:16 +0000] "GET / HTTP/1.1" 200 984 "https://ide.c9.io/cinthyah/advancedkwk" "Mozilla/5.0 (Macintosh; Intel Mac OS X 10_12_3) AppleWebKit/537.36 (KHTML, like Gecko) Chrome/58.0.3029.110 Safari/537.36"
10.240.0.187 - - [21/Jun/2017:20:43:51 +0000] "GET / HTTP/1.1" 200 984 "https://ide.c9.io/cinthyah/advancedkwk" "Mozilla/5.0 (Macintosh; Intel Mac OS X 10_12_3) AppleWebKit/537.36 (KHTML, like Gecko) Chrome/58.0.3029.110 Safari/537.36"
10.240.0.110 - - [21/Jun/2017:20:43:54 +0000] "GET / HTTP/1.1" 200 984 "https://ide.c9.io/cinthyah/advancedkwk" "Mozilla/5.0 (Macintosh; Intel Mac OS X 10_12_3) AppleWebKit/537.36 (KHTML, like Gecko) Chrome/58.0.3029.110 Safari/537.36"
10.240.0.69 - - [21/Jun/2017:20:43:58 +0000] "GET / HTTP/1.1" 200 984 "https://ide.c9.io/cinthyah/advancedkwk" "Mozilla/5.0 (Macintosh; Intel Mac OS X 10_12_3) AppleWebKit/537.36 (KHTML, like Gecko) Chrome/58.0.3029.110 Safari/537.36"
10.240.1.64 - - [21/Jun/2017:20:43:58 +0000] "GET / HTTP/1.1" 200 984 "https://ide.c9.io/cinthyah/advancedkwk" "Mozilla/5.0 (Macintosh; Intel Mac OS X 10_12_3) AppleWebKit/537.36 (KHTML, like Gecko) Chrome/58.0.3029.110 Safari/537.36"
10.240.1.19 - - [21/Jun/2017:20:44:17 +0000] "GET /javascript-objects-intro/index.html HTTP/1.1" 200 714 "https://ide.c9.io/cinthyah/advancedkwk" "Mozilla/5.0 (Macintosh; Intel Mac OS X 10_12_3) AppleWebKit/537.36 (KHTML, like Gecko) Chrome/58.0.3029.110 Safari/537.36"
10.240.0.110 - - [21/Jun/2017:20:44:17 +0000] "GET /javascript-objects-intro/node_modules/mocha/mocha.css HTTP/1.1" 200 1822 "https://advancedkwk-cinthyah.c9users.io/javascript-objects-intro/index.html" "Mozilla/5.0 (Macintosh; Intel Mac OS X 10_12_3) AppleWebKit/537.36 (KHTML, like Gecko) Chrome/58.0.3029.110 Safari/537.36"
10.240.0.204 - - [21/Jun/2017:20:44:17 +0000] "GET /javascript-objects-intro/objects.js HTTP/1.1" 200 926 "https://advancedkwk-cinthyah.c9users.io/javascript-objects-intro/index.html" "Mozilla/5.0 (Macintosh; Intel Mac OS X 10_12_3) AppleWebKit/537.36 (KHTML, like Gecko) Chrome/58.0.3029.110 Safari/537.36"
10.240.0.187 - - [21/Jun/2017:20:44:17 +0000] "GET /javascript-objects-intro/node_modules/mocha/mocha.js HTTP/1.1" 200 81978 "https://advancedkwk-cinthyah.c9users.io/javascript-objects-intro/index.html" "Mozilla/5.0 (Macintosh; Intel Mac OS X 10_12_3) AppleWebKit/537.36 (KHTML, like Gecko) Chrome/58.0.3029.110 Safari/537.36"
10.240.1.60 - - [21/Jun/2017:20:44:17 +0000] "GET /javascript-objects-intro/node_modules/expect/umd/expect.min.js HTTP/1.1" 200 15646 "https://advancedkwk-cinthyah.c9users.io/javascript-objects-intro/index.html" "Mozilla/5.0 (Macintosh; Intel Mac OS X 10_12_3) AppleWebKit/537.36 (KHTML, like Gecko) Chrome/58.0.3029.110 Safari/537.36"
10.240.1.20 - - [21/Jun/2017:20:44:17 +0000] "GET /javascript-objects-intro/test/index-test.js HTTP/1.1" 200 971 "https://advancedkwk-cinthyah.c9users.io/javascript-objects-intro/index.html" "Mozilla/5.0 (Macintosh; Intel Mac OS X 10_12_3) AppleWebKit/537.36 (KHTML, like Gecko) Chrome/58.0.3029.110 Safari/537.36"
10.240.1.20 - - [21/Jun/2017:20:44:20 +0000] "GET /javascript-objects-intro/index.html HTTP/1.1" 200 714 "https://ide.c9.io/cinthyah/advancedkwk" "Mozilla/5.0 (Macintosh; Intel Mac OS X 10_12_3) AppleWebKit/537.36 (KHTML, like Gecko) Chrome/58.0.3029.110 Safari/537.36"
10.240.0.241 - - [21/Jun/2017:20:44:20 +0000] "GET /javascript-objects-intro/index.html HTTP/1.1" 200 714 "https://ide.c9.io/cinthyah/advancedkwk" "Mozilla/5.0 (Macintosh; Intel Mac OS X 10_12_3) AppleWebKit/537.36 (KHTML, like Gecko) Chrome/58.0.3029.110 Safari/537.36"
10.240.0.119 - - [21/Jun/2017:20:44:20 +0000] "GET /javascript-objects-intro/objects.js HTTP/1.1" 200 926 "https://advancedkwk-cinthyah.c9users.io/javascript-objects-intro/index.html" "Mozilla/5.0 (Macintosh; Intel Mac OS X 10_12_3) AppleWebKit/537.36 (KHTML, like Gecko) Chrome/58.0.3029.110 Safari/537.36"
10.240.1.15 - - [21/Jun/2017:20:44:20 +0000] "GET /javascript-objects-intro/test/index-test.js HTTP/1.1" 200 971 "https://advancedkwk-cinthyah.c9users.io/javascript-objects-intro/index.html" "Mozilla/5.0 (Macintosh; Intel Mac OS X 10_12_3) AppleWebKit/537.36 (KHTML, like Gecko) Chrome/58.0.3029.110 Safari/537.36"
10.240.0.241 - - [21/Jun/2017:20:45:33 +0000] "GET /javascript-objects-intro/index.html HTTP/1.1" 200 714 "https://ide.c9.io/cinthyah/advancedkwk" "Mozilla/5.0 (Macintosh; Intel Mac OS X 10_12_3) AppleWebKit/537.36 (KHTML, like Gecko) Chrome/58.0.3029.110 Safari/537.36"
10.240.0.187 - - [21/Jun/2017:20:45:33 +0000] "GET /javascript-objects-intro/objects.js HTTP/1.1" 200 970 "https://advancedkwk-cinthyah.c9users.io/javascript-objects-intro/index.html" "Mozilla/5.0 (Macintosh; Intel Mac OS X 10_12_3) AppleWebKit/537.36 (KHTML, like Gecko) Chrome/58.0.3029.110 Safari/537.36"
10.240.0.110 - - [21/Jun/2017:20:45:33 +0000] "GET /javascript-objects-intro/test/index-test.js HTTP/1.1" 200 971 "https://advancedkwk-cinthyah.c9users.io/javascript-objects-intro/index.html" "Mozilla/5.0 (Macintosh; Intel Mac OS X 10_12_3) AppleWebKit/537.36 (KHTML, like Gecko) Chrome/58.0.3029.110 Safari/537.36"
10.240.0.187 - - [21/Jun/2017:20:45:39 +0000] "GET /javascript-objects-intro/index.html HTTP/1.1" 200 714 "https://ide.c9.io/cinthyah/advancedkwk" "Mozilla/5.0 (Macintosh; Intel Mac OS X 10_12_3) AppleWebKit/537.36 (KHTML, like Gecko) Chrome/58.0.3029.110 Safari/537.36"
10.240.1.15 - - [21/Jun/2017:20:45:39 +0000] "GET /javascript-objects-intro/index.html HTTP/1.1" 200 714 "https://ide.c9.io/cinthyah/advancedkwk" "Mozilla/5.0 (Macintosh; Intel Mac OS X 10_12_3) AppleWebKit/537.36 (KHTML, like Gecko) Chrome/58.0.3029.110 Safari/537.36"
10.240.0.187 - - [21/Jun/2017:20:45:39 +0000] "GET /javascript-objects-intro/objects.js HTTP/1.1" 200 970 "https://advancedkwk-cinthyah.c9users.io/javascript-objects-intro/index.html" "Mozilla/5.0 (Macintosh; Intel Mac OS X 10_12_3) AppleWebKit/537.36 (KHTML, like Gecko) Chrome/58.0.3029.110 Safari/537.36"
10.240.1.15 - - [21/Jun/2017:20:45:39 +0000] "GET /javascript-objects-intro/test/index-test.js HTTP/1.1" 200 971 "https://advancedkwk-cinthyah.c9users.io/javascript-objects-intro/index.html" "Mozilla/5.0 (Macintosh; Intel Mac OS X 10_12_3) AppleWebKit/537.36 (KHTML, like Gecko) Chrome/58.0.3029.110 Safari/537.36"
10.240.0.119 - - [21/Jun/2017:20:45:49 +0000] "GET /javascript-objects-intro/index.html HTTP/1.1" 200 714 "https://ide.c9.io/cinthyah/advancedkwk" "Mozilla/5.0 (Macintosh; Intel Mac OS X 10_12_3) AppleWebKit/537.36 (KHTML, like Gecko) Chrome/58.0.3029.110 Safari/537.36"
10.240.0.241 - - [21/Jun/2017:20:45:49 +0000] "GET /javascript-objects-intro/test/index-test.js HTTP/1.1" 200 971 "https://advancedkwk-cinthyah.c9users.io/javascript-objects-intro/index.html" "Mozilla/5.0 (Macintosh; Intel Mac OS X 10_12_3) AppleWebKit/537.36 (KHTML, like Gecko) Chrome/58.0.3029.110 Safari/537.36"
10.240.1.20 - - [21/Jun/2017:20:45:49 +0000] "GET /javascript-objects-intro/objects.js HTTP/1.1" 200 970 "https://advancedkwk-cinthyah.c9users.io/javascript-objects-intro/index.html" "Mozilla/5.0 (Macintosh; Intel Mac OS X 10_12_3) AppleWebKit/537.36 (KHTML, like Gecko) Chrome/58.0.3029.110 Safari/537.36"
10.240.0.119 - - [21/Jun/2017:20:47:00 +0000] "GET /javascript-objects-intro/index.html HTTP/1.1" 200 714 "https://ide.c9.io/cinthyah/advancedkwk" "Mozilla/5.0 (Macintosh; Intel Mac OS X 10_12_3) AppleWebKit/537.36 (KHTML, like Gecko) Chrome/58.0.3029.110 Safari/537.36"
10.240.0.119 - - [21/Jun/2017:20:47:00 +0000] "GET /javascript-objects-intro/test/index-test.js HTTP/1.1" 200 971 "https://advancedkwk-cinthyah.c9users.io/javascript-objects-intro/index.html" "Mozilla/5.0 (Macintosh; Intel Mac OS X 10_12_3) AppleWebKit/537.36 (KHTML, like Gecko) Chrome/58.0.3029.110 Safari/537.36"
10.240.1.19 - - [21/Jun/2017:20:47:00 +0000] "GET /javascript-objects-intro/objects.js HTTP/1.1" 200 982 "https://advancedkwk-cinthyah.c9users.io/javascript-objects-intro/index.html" "Mozilla/5.0 (Macintosh; Intel Mac OS X 10_12_3) AppleWebKit/537.36 (KHTML, like Gecko) Chrome/58.0.3029.110 Safari/537.36"
10.240.1.19 - - [21/Jun/2017:20:47:24 +0000] "GET /javascript-objects-intro/index.html HTTP/1.1" 200 714 "https://ide.c9.io/cinthyah/advancedkwk" "Mozilla/5.0 (Macintosh; Intel Mac OS X 10_12_3) AppleWebKit/537.36 (KHTML, like Gecko) Chrome/58.0.3029.110 Safari/537.36"
10.240.1.19 - - [21/Jun/2017:20:47:25 +0000] "GET /javascript-objects-intro/objects.js HTTP/1.1" 200 982 "https://advancedkwk-cinthyah.c9users.io/javascript-objects-intro/index.html" "Mozilla/5.0 (Macintosh; Intel Mac OS X 10_12_3) AppleWebKit/537.36 (KHTML, like Gecko) Chrome/58.0.3029.110 Safari/537.36"
10.240.0.119 - - [21/Jun/2017:20:47:25 +0000] "GET /javascript-objects-intro/test/index-test.js HTTP/1.1" 200 971 "https://advancedkwk-cinthyah.c9users.io/javascript-objects-intro/index.html" "Mozilla/5.0 (Macintosh; Intel Mac OS X 10_12_3) AppleWebKit/537.36 (KHTML, like Gecko) Chrome/58.0.3029.110 Safari/537.36"
10.240.0.110 - - [21/Jun/2017:20:48:20 +0000] "GET /javascript-objects-intro/index.html HTTP/1.1" 200 714 "https://ide.c9.io/cinthyah/advancedkwk" "Mozilla/5.0 (Macintosh; Intel Mac OS X 10_12_3) AppleWebKit/537.36 (KHTML, like Gecko) Chrome/58.0.3029.110 Safari/537.36"
10.240.0.187 - - [21/Jun/2017:20:48:20 +0000] "GET /javascript-objects-intro/test/index-test.js HTTP/1.1" 200 971 "https://advancedkwk-cinthyah.c9users.io/javascript-objects-intro/index.html" "Mozilla/5.0 (Macintosh; Intel Mac OS X 10_12_3) AppleWebKit/537.36 (KHTML, like Gecko) Chrome/58.0.3029.110 Safari/537.36"
10.240.1.15 - - [21/Jun/2017:20:48:20 +0000] "GET /javascript-objects-intro/objects.js HTTP/1.1" 200 991 "https://advancedkwk-cinthyah.c9users.io/javascript-objects-intro/index.html" "Mozilla/5.0 (Macintosh; Intel Mac OS X 10_12_3) AppleWebKit/537.36 (KHTML, like Gecko) Chrome/58.0.3029.110 Safari/537.36"
10.240.0.179 - - [21/Jun/2017:20:49:58 +0000] "GET /javascript-objects-intro/index.html HTTP/1.1" 200 714 "https://ide.c9.io/cinthyah/advancedkwk" "Mozilla/5.0 (Macintosh; Intel Mac OS X 10_12_3) AppleWebKit/537.36 (KHTML, like Gecko) Chrome/58.0.3029.110 Safari/537.36"
10.240.0.179 - - [21/Jun/2017:20:49:58 +0000] "GET /javascript-objects-intro/test/index-test.js HTTP/1.1" 200 971 "https://advancedkwk-cinthyah.c9users.io/javascript-objects-intro/index.html" "Mozilla/5.0 (Macintosh; Intel Mac OS X 10_12_3) AppleWebKit/537.36 (KHTML, like Gecko) Chrome/58.0.3029.110 Safari/537.36"
10.240.0.241 - - [21/Jun/2017:20:49:58 +0000] "GET /javascript-objects-intro/objects.js HTTP/1.1" 200 1043 "https://advancedkwk-cinthyah.c9users.io/javascript-objects-intro/index.html" "Mozilla/5.0 (Macintosh; Intel Mac OS X 10_12_3) AppleWebKit/537.36 (KHTML, like Gecko) Chrome/58.0.3029.110 Safari/537.36"
10.240.0.179 - - [21/Jun/2017:20:50:04 +0000] "GET /javascript-objects-intro/index.html HTTP/1.1" 200 714 "https://ide.c9.io/cinthyah/advancedkwk" "Mozilla/5.0 (Macintosh; Intel Mac OS X 10_12_3) AppleWebKit/537.36 (KHTML, like Gecko) Chrome/58.0.3029.110 Safari/537.36"
10.240.0.179 - - [21/Jun/2017:20:50:04 +0000] "GET /javascript-objects-intro/objects.js HTTP/1.1" 200 1043 "https://advancedkwk-cinthyah.c9users.io/javascript-objects-intro/index.html" "Mozilla/5.0 (Macintosh; Intel Mac OS X 10_12_3) AppleWebKit/537.36 (KHTML, like Gecko) Chrome/58.0.3029.110 Safari/537.36"
10.240.1.20 - - [21/Jun/2017:20:50:04 +0000] "GET /javascript-objects-intro/test/index-test.js HTTP/1.1" 200 971 "https://advancedkwk-cinthyah.c9users.io/javascript-objects-intro/index.html" "Mozilla/5.0 (Macintosh; Intel Mac OS X 10_12_3) AppleWebKit/537.36 (KHTML, like Gecko) Chrome/58.0.3029.110 Safari/537.36"
10.240.0.204 - - [21/Jun/2017:20:53:57 +0000] "GET /javascript-objects-intro/index.html HTTP/1.1" 200 714 "https://ide.c9.io/cinthyah/advancedkwk" "Mozilla/5.0 (Macintosh; Intel Mac OS X 10_12_3) AppleWebKit/537.36 (KHTML, like Gecko) Chrome/58.0.3029.110 Safari/537.36"
10.240.0.204 - - [21/Jun/2017:20:53:58 +0000] "GET /javascript-objects-intro/objects.js HTTP/1.1" 200 1084 "https://advancedkwk-cinthyah.c9users.io/javascript-objects-intro/index.html" "Mozilla/5.0 (Macintosh; Intel Mac OS X 10_12_3) AppleWebKit/537.36 (KHTML, like Gecko) Chrome/58.0.3029.110 Safari/537.36"
10.240.0.241 - - [21/Jun/2017:20:53:58 +0000] "GET /javascript-objects-intro/test/index-test.js HTTP/1.1" 200 971 "https://advancedkwk-cinthyah.c9users.io/javascript-objects-intro/index.html" "Mozilla/5.0 (Macintosh; Intel Mac OS X 10_12_3) AppleWebKit/537.36 (KHTML, like Gecko) Chrome/58.0.3029.110 Safari/537.36"
10.240.1.15 - - [21/Jun/2017:20:58:35 +0000] "GET /javascript-objects-intro/index.html HTTP/1.1" 200 714 "https://ide.c9.io/cinthyah/advancedkwk" "Mozilla/5.0 (Macintosh; Intel Mac OS X 10_12_3) AppleWebKit/537.36 (KHTML, like Gecko) Chrome/58.0.3029.110 Safari/537.36"
10.240.1.32 - - [21/Jun/2017:20:58:35 +0000] "GET /javascript-objects-intro/objects.js HTTP/1.1" 200 1162 "https://advancedkwk-cinthyah.c9users.io/javascript-objects-intro/index.html" "Mozilla/5.0 (Macintosh; Intel Mac OS X 10_12_3) AppleWebKit/537.36 (KHTML, like Gecko) Chrome/58.0.3029.110 Safari/537.36"
10.240.0.187 - - [21/Jun/2017:20:58:35 +0000] "GET /javascript-objects-intro/test/index-test.js HTTP/1.1" 200 971 "https://advancedkwk-cinthyah.c9users.io/javascript-objects-intro/index.html" "Mozilla/5.0 (Macintosh; Intel Mac OS X 10_12_3) AppleWebKit/537.36 (KHTML, like Gecko) Chrome/58.0.3029.110 Safari/537.36"
10.240.0.187 - - [21/Jun/2017:21:05:56 +0000] "GET /javascript-objects-intro/index.html HTTP/1.1" 200 714 "https://ide.c9.io/cinthyah/advancedkwk" "Mozilla/5.0 (Macintosh; Intel Mac OS X 10_12_3) AppleWebKit/537.36 (KHTML, like Gecko) Chrome/58.0.3029.110 Safari/537.36"
10.240.0.204 - - [21/Jun/2017:21:05:56 +0000] "GET /javascript-objects-intro/test/index-test.js HTTP/1.1" 200 971 "https://advancedkwk-cinthyah.c9users.io/javascript-objects-intro/index.html" "Mozilla/5.0 (Macintosh; Intel Mac OS X 10_12_3) AppleWebKit/537.36 (KHTML, like Gecko) Chrome/58.0.3029.110 Safari/537.36"
10.240.0.110 - - [21/Jun/2017:21:05:56 +0000] "GET /javascript-objects-intro/objects.js HTTP/1.1" 200 1215 "https://advancedkwk-cinthyah.c9users.io/javascript-objects-intro/index.html" "Mozilla/5.0 (Macintosh; Intel Mac OS X 10_12_3) AppleWebKit/537.36 (KHTML, like Gecko) Chrome/58.0.3029.110 Safari/537.36"
10.240.1.60 - - [21/Jun/2017:21:07:57 +0000] "GET /javascript-objects-intro/index.html HTTP/1.1" 200 714 "https://ide.c9.io/cinthyah/advancedkwk" "Mozilla/5.0 (Macintosh; Intel Mac OS X 10_12_3) AppleWebKit/537.36 (KHTML, like Gecko) Chrome/58.0.3029.110 Safari/537.36"
10.240.1.20 - - [21/Jun/2017:21:07:57 +0000] "GET /javascript-objects-intro/test/index-test.js HTTP/1.1" 200 971 "https://advancedkwk-cinthyah.c9users.io/javascript-objects-intro/index.html" "Mozilla/5.0 (Macintosh; Intel Mac OS X 10_12_3) AppleWebKit/537.36 (KHTML, like Gecko) Chrome/58.0.3029.110 Safari/537.36"
10.240.0.187 - - [21/Jun/2017:21:07:57 +0000] "GET /javascript-objects-intro/objects.js HTTP/1.1" 200 1222 "https://advancedkwk-cinthyah.c9users.io/javascript-objects-intro/index.html" "Mozilla/5.0 (Macintosh; Intel Mac OS X 10_12_3) AppleWebKit/537.36 (KHTML, like Gecko) Chrome/58.0.3029.110 Safari/537.36"
10.240.0.187 - - [21/Jun/2017:21:08:20 +0000] "GET /javascript-objects-intro/objects.js HTTP/1.1" 200 1225 "https://advancedkwk-cinthyah.c9users.io/javascript-objects-intro/index.html" "Mozilla/5.0 (Macintosh; Intel Mac OS X 10_12_3) AppleWebKit/537.36 (KHTML, like Gecko) Chrome/58.0.3029.110 Safari/537.36"
10.240.0.204 - - [21/Jun/2017:21:09:59 +0000] "GET /javascript-objects-intro/index.html HTTP/1.1" 200 714 "https://ide.c9.io/cinthyah/advancedkwk" "Mozilla/5.0 (Macintosh; Intel Mac OS X 10_12_3) AppleWebKit/537.36 (KHTML, like Gecko) Chrome/58.0.3029.110 Safari/537.36"
10.240.0.204 - - [21/Jun/2017:21:09:59 +0000] "GET /javascript-objects-intro/objects.js HTTP/1.1" 200 1224 "https://advancedkwk-cinthyah.c9users.io/javascript-objects-intro/index.html" "Mozilla/5.0 (Macintosh; Intel Mac OS X 10_12_3) AppleWebKit/537.36 (KHTML, like Gecko) Chrome/58.0.3029.110 Safari/537.36"
10.240.1.17 - - [21/Jun/2017:21:09:59 +0000] "GET /javascript-objects-intro/test/index-test.js HTTP/1.1" 200 971 "https://advancedkwk-cinthyah.c9users.io/javascript-objects-intro/index.html" "Mozilla/5.0 (Macintosh; Intel Mac OS X 10_12_3) AppleWebKit/537.36 (KHTML, like Gecko) Chrome/58.0.3029.110 Safari/537.36"
10.240.0.241 - - [21/Jun/2017:21:10:27 +0000] "GET /javascript-objects-intro/objects.js HTTP/1.1" 200 1220 "https://advancedkwk-cinthyah.c9users.io/javascript-objects-intro/index.html" "Mozilla/5.0 (Macintosh; Intel Mac OS X 10_12_3) AppleWebKit/537.36 (KHTML, like Gecko) Chrome/58.0.3029.110 Safari/537.36"
10.240.0.241 - - [21/Jun/2017:21:49:01 +0000] "GET /poker-game/index.html HTTP/1.1" 200 766 "https://ide.c9.io/cinthyah/advancedkwk" "Mozilla/5.0 (Macintosh; Intel Mac OS X 10_12_3) AppleWebKit/537.36 (KHTML, like Gecko) Chrome/58.0.3029.110 Safari/537.36"
10.240.0.110 - - [21/Jun/2017:21:49:01 +0000] "GET /poker-game/style.css HTTP/1.1" 200 668 "https://advancedkwk-cinthyah.c9users.io/poker-game/index.html" "Mozilla/5.0 (Macintosh; Intel Mac OS X 10_12_3) AppleWebKit/537.36 (KHTML, like Gecko) Chrome/58.0.3029.110 Safari/537.36"
10.240.0.182 - - [21/Jun/2017:21:49:04 +0000] "GET /poker-game/index.html HTTP/1.1" 200 766 "https://ide.c9.io/cinthyah/advancedkwk" "Mozilla/5.0 (Macintosh; Intel Mac OS X 10_12_3) AppleWebKit/537.36 (KHTML, like Gecko) Chrome/58.0.3029.110 Safari/537.36"
10.240.0.204 - - [21/Jun/2017:21:49:04 +0000] "GET /poker-game/index.html HTTP/1.1" 200 766 "https://ide.c9.io/cinthyah/advancedkwk" "Mozilla/5.0 (Macintosh; Intel Mac OS X 10_12_3) AppleWebKit/537.36 (KHTML, like Gecko) Chrome/58.0.3029.110 Safari/537.36"
10.240.0.182 - - [21/Jun/2017:21:49:04 +0000] "GET /poker-game/style.css HTTP/1.1" 200 668 "https://advancedkwk-cinthyah.c9users.io/poker-game/index.html" "Mozilla/5.0 (Macintosh; Intel Mac OS X 10_12_3) AppleWebKit/537.36 (KHTML, like Gecko) Chrome/58.0.3029.110 Safari/537.36"
10.240.1.17 - - [21/Jun/2017:22:03:11 +0000] "GET /poker-game/index.html HTTP/1.1" 200 817 "https://ide.c9.io/cinthyah/advancedkwk" "Mozilla/5.0 (Macintosh; Intel Mac OS X 10_12_3) AppleWebKit/537.36 (KHTML, like Gecko) Chrome/58.0.3029.110 Safari/537.36"
10.240.1.32 - - [21/Jun/2017:22:03:11 +0000] "GET /poker-game/images/black_joker.png HTTP/1.1" 404 544 "https://advancedkwk-cinthyah.c9users.io/poker-game/index.html" "Mozilla/5.0 (Macintosh; Intel Mac OS X 10_12_3) AppleWebKit/537.36 (KHTML, like Gecko) Chrome/58.0.3029.110 Safari/537.36"
10.240.1.32 - - [21/Jun/2017:22:03:11 +0000] "GET /poker-game/style.css HTTP/1.1" 200 687 "https://advancedkwk-cinthyah.c9users.io/poker-game/index.html" "Mozilla/5.0 (Macintosh; Intel Mac OS X 10_12_3) AppleWebKit/537.36 (KHTML, like Gecko) Chrome/58.0.3029.110 Safari/537.36"
10.240.1.32 - - [21/Jun/2017:22:03:13 +0000] "GET /poker-game/index.html HTTP/1.1" 200 817 "https://ide.c9.io/cinthyah/advancedkwk" "Mozilla/5.0 (Macintosh; Intel Mac OS X 10_12_3) AppleWebKit/537.36 (KHTML, like Gecko) Chrome/58.0.3029.110 Safari/537.36"
10.240.0.241 - - [21/Jun/2017:22:03:13 +0000] "GET /poker-game/index.html HTTP/1.1" 200 817 "https://ide.c9.io/cinthyah/advancedkwk" "Mozilla/5.0 (Macintosh; Intel Mac OS X 10_12_3) AppleWebKit/537.36 (KHTML, like Gecko) Chrome/58.0.3029.110 Safari/537.36"
10.240.1.32 - - [21/Jun/2017:22:03:14 +0000] "GET /poker-game/images/black_joker.png HTTP/1.1" 404 544 "https://advancedkwk-cinthyah.c9users.io/poker-game/index.html" "Mozilla/5.0 (Macintosh; Intel Mac OS X 10_12_3) AppleWebKit/537.36 (KHTML, like Gecko) Chrome/58.0.3029.110 Safari/537.36"
10.240.1.17 - - [21/Jun/2017:22:03:14 +0000] "GET /poker-game/style.css HTTP/1.1" 200 687 "https://advancedkwk-cinthyah.c9users.io/poker-game/index.html" "Mozilla/5.0 (Macintosh; Intel Mac OS X 10_12_3) AppleWebKit/537.36 (KHTML, like Gecko) Chrome/58.0.3029.110 Safari/537.36"
10.240.1.32 - - [21/Jun/2017:22:03:43 +0000] "GET /poker-game/index.html HTTP/1.1" 200 817 "https://ide.c9.io/cinthyah/advancedkwk" "Mozilla/5.0 (Macintosh; Intel Mac OS X 10_12_3) AppleWebKit/537.36 (KHTML, like Gecko) Chrome/58.0.3029.110 Safari/537.36"
10.240.0.186 - - [21/Jun/2017:22:03:43 +0000] "GET /poker-game/images/black_joker.png HTTP/1.1" 200 42031 "https://advancedkwk-cinthyah.c9users.io/poker-game/index.html" "Mozilla/5.0 (Macintosh; Intel Mac OS X 10_12_3) AppleWebKit/537.36 (KHTML, like Gecko) Chrome/58.0.3029.110 Safari/537.36"
10.240.1.20 - - [21/Jun/2017:22:03:43 +0000] "GET /poker-game/style.css HTTP/1.1" 200 687 "https://advancedkwk-cinthyah.c9users.io/poker-game/index.html" "Mozilla/5.0 (Macintosh; Intel Mac OS X 10_12_3) AppleWebKit/537.36 (KHTML, like Gecko) Chrome/58.0.3029.110 Safari/537.36"
10.240.0.241 - - [21/Jun/2017:22:18:08 +0000] "GET /poker-game/style.css HTTP/1.1" 200 687 "https://advancedkwk-cinthyah.c9users.io/poker-game/index.html" "Mozilla/5.0 (Macintosh; Intel Mac OS X 10_12_3) AppleWebKit/537.36 (KHTML, like Gecko) Chrome/58.0.3029.110 Safari/537.36"
10.240.1.19 - - [21/Jun/2017:22:19:38 +0000] "GET /poker-game/index.html HTTP/1.1" 200 837 "https://ide.c9.io/cinthyah/advancedkwk" "Mozilla/5.0 (Macintosh; Intel Mac OS X 10_12_3) AppleWebKit/537.36 (KHTML, like Gecko) Chrome/58.0.3029.110 Safari/537.36"
10.240.1.64 - - [21/Jun/2017:22:19:38 +0000] "GET /poker-game/game.js HTTP/1.1" 200 709 "https://advancedkwk-cinthyah.c9users.io/poker-game/index.html" "Mozilla/5.0 (Macintosh; Intel Mac OS X 10_12_3) AppleWebKit/537.36 (KHTML, like Gecko) Chrome/58.0.3029.110 Safari/537.36"
10.240.0.69 - - [21/Jun/2017:22:19:38 +0000] "GET /poker-game/style.css HTTP/1.1" 200 687 "https://advancedkwk-cinthyah.c9users.io/poker-game/index.html" "Mozilla/5.0 (Macintosh; Intel Mac OS X 10_12_3) AppleWebKit/537.36 (KHTML, like Gecko) Chrome/58.0.3029.110 Safari/537.36"
10.240.1.60 - - [21/Jun/2017:22:19:38 +0000] "GET /poker-game/images/black_joker.png HTTP/1.1" 304 181 "https://advancedkwk-cinthyah.c9users.io/poker-game/index.html" "Mozilla/5.0 (Macintosh; Intel Mac OS X 10_12_3) AppleWebKit/537.36 (KHTML, like Gecko) Chrome/58.0.3029.110 Safari/537.36"
10.240.1.20 - - [21/Jun/2017:22:19:46 +0000] "GET /poker-game/index.html HTTP/1.1" 200 837 "-" "Mozilla/5.0 (Macintosh; Intel Mac OS X 10_12_3) AppleWebKit/537.36 (KHTML, like Gecko) Chrome/58.0.3029.110 Safari/537.36"
10.240.1.20 - - [21/Jun/2017:22:19:46 +0000] "GET /poker-game/game.js HTTP/1.1" 200 709 "https://advancedkwk-cinthyah.c9users.io/poker-game/index.html" "Mozilla/5.0 (Macintosh; Intel Mac OS X 10_12_3) AppleWebKit/537.36 (KHTML, like Gecko) Chrome/58.0.3029.110 Safari/537.36"
10.240.1.19 - - [21/Jun/2017:22:19:47 +0000] "GET /favicon.ico HTTP/1.1" 404 522 "https://advancedkwk-cinthyah.c9users.io/poker-game/index.html" "Mozilla/5.0 (Macintosh; Intel Mac OS X 10_12_3) AppleWebKit/537.36 (KHTML, like Gecko) Chrome/58.0.3029.110 Safari/537.36"
10.240.1.60 - - [21/Jun/2017:22:23:43 +0000] "GET /poker-game/style.css HTTP/1.1" 200 687 "https://advancedkwk-cinthyah.c9users.io/poker-game/index.html" "Mozilla/5.0 (Macintosh; Intel Mac OS X 10_12_3) AppleWebKit/537.36 (KHTML, like Gecko) Chrome/58.0.3029.110 Safari/537.36"
10.240.1.60 - - [21/Jun/2017:22:23:43 +0000] "GET /poker-game/index.html HTTP/1.1" 200 837 "-" "Mozilla/5.0 (Macintosh; Intel Mac OS X 10_12_3) AppleWebKit/537.36 (KHTML, like Gecko) Chrome/58.0.3029.110 Safari/537.36"
10.240.1.15 - - [21/Jun/2017:22:23:44 +0000] "GET /poker-game/images/black_joker.png HTTP/1.1" 304 181 "https://advancedkwk-cinthyah.c9users.io/poker-game/index.html" "Mozilla/5.0 (Macintosh; Intel Mac OS X 10_12_3) AppleWebKit/537.36 (KHTML, like Gecko) Chrome/58.0.3029.110 Safari/537.36"
10.240.1.64 - - [21/Jun/2017:22:23:44 +0000] "GET /poker-game/game.js HTTP/1.1" 200 743 "https://advancedkwk-cinthyah.c9users.io/poker-game/index.html" "Mozilla/5.0 (Macintosh; Intel Mac OS X 10_12_3) AppleWebKit/537.36 (KHTML, like Gecko) Chrome/58.0.3029.110 Safari/537.36"
10.240.0.69 - - [21/Jun/2017:22:28:16 +0000] "GET /poker-game/index.html HTTP/1.1" 200 837 "-" "Mozilla/5.0 (Macintosh; Intel Mac OS X 10_12_3) AppleWebKit/537.36 (KHTML, like Gecko) Chrome/58.0.3029.110 Safari/537.36"
10.240.0.186 - - [21/Jun/2017:22:28:16 +0000] "GET /poker-game/style.css HTTP/1.1" 200 687 "https://advancedkwk-cinthyah.c9users.io/poker-game/index.html" "Mozilla/5.0 (Macintosh; Intel Mac OS X 10_12_3) AppleWebKit/537.36 (KHTML, like Gecko) Chrome/58.0.3029.110 Safari/537.36"
10.240.1.64 - - [21/Jun/2017:22:28:16 +0000] "GET /poker-game/game.js HTTP/1.1" 200 743 "https://advancedkwk-cinthyah.c9users.io/poker-game/index.html" "Mozilla/5.0 (Macintosh; Intel Mac OS X 10_12_3) AppleWebKit/537.36 (KHTML, like Gecko) Chrome/58.0.3029.110 Safari/537.36"
10.240.1.60 - - [21/Jun/2017:22:28:16 +0000] "GET /poker-game/images/black_joker.png HTTP/1.1" 304 181 "https://advancedkwk-cinthyah.c9users.io/poker-game/index.html" "Mozilla/5.0 (Macintosh; Intel Mac OS X 10_12_3) AppleWebKit/537.36 (KHTML, like Gecko) Chrome/58.0.3029.110 Safari/537.36"
10.240.0.110 - - [21/Jun/2017:22:32:10 +0000] "GET /poker-game/index.html HTTP/1.1" 200 845 "https://ide.c9.io/cinthyah/advancedkwk" "Mozilla/5.0 (Macintosh; Intel Mac OS X 10_12_3) AppleWebKit/537.36 (KHTML, like Gecko) Chrome/58.0.3029.110 Safari/537.36"
10.240.0.204 - - [21/Jun/2017:22:32:11 +0000] "GET /poker-game/images/black_joker.png HTTP/1.1" 304 181 "https://advancedkwk-cinthyah.c9users.io/poker-game/index.html" "Mozilla/5.0 (Macintosh; Intel Mac OS X 10_12_3) AppleWebKit/537.36 (KHTML, like Gecko) Chrome/58.0.3029.110 Safari/537.36"
10.240.0.186 - - [21/Jun/2017:22:32:11 +0000] "GET /poker-game/style.css HTTP/1.1" 200 687 "https://advancedkwk-cinthyah.c9users.io/poker-game/index.html" "Mozilla/5.0 (Macintosh; Intel Mac OS X 10_12_3) AppleWebKit/537.36 (KHTML, like Gecko) Chrome/58.0.3029.110 Safari/537.36"
10.240.1.17 - - [21/Jun/2017:22:32:11 +0000] "GET /poker-game/game.js HTTP/1.1" 200 826 "https://advancedkwk-cinthyah.c9users.io/poker-game/index.html" "Mozilla/5.0 (Macintosh; Intel Mac OS X 10_12_3) AppleWebKit/537.36 (KHTML, like Gecko) Chrome/58.0.3029.110 Safari/537.36"
10.240.1.17 - - [21/Jun/2017:22:32:13 +0000] "GET /poker-game/index.html HTTP/1.1" 200 845 "-" "Mozilla/5.0 (Macintosh; Intel Mac OS X 10_12_3) AppleWebKit/537.36 (KHTML, like Gecko) Chrome/58.0.3029.110 Safari/537.36"
10.240.1.17 - - [21/Jun/2017:22:32:13 +0000] "GET /poker-game/game.js HTTP/1.1" 200 826 "https://advancedkwk-cinthyah.c9users.io/poker-game/index.html" "Mozilla/5.0 (Macintosh; Intel Mac OS X 10_12_3) AppleWebKit/537.36 (KHTML, like Gecko) Chrome/58.0.3029.110 Safari/537.36"
10.240.1.17 - - [21/Jun/2017:22:32:13 +0000] "GET /poker-game/images/black_joker.png HTTP/1.1" 304 181 "https://advancedkwk-cinthyah.c9users.io/poker-game/index.html" "Mozilla/5.0 (Macintosh; Intel Mac OS X 10_12_3) AppleWebKit/537.36 (KHTML, like Gecko) Chrome/58.0.3029.110 Safari/537.36"
10.240.1.17 - - [21/Jun/2017:22:33:01 +0000] "GET /poker-game/index.html HTTP/1.1" 200 845 "-" "Mozilla/5.0 (Macintosh; Intel Mac OS X 10_12_3) AppleWebKit/537.36 (KHTML, like Gecko) Chrome/58.0.3029.110 Safari/537.36"
10.240.1.60 - - [21/Jun/2017:22:33:02 +0000] "GET /poker-game/game.js HTTP/1.1" 200 826 "https://advancedkwk-cinthyah.c9users.io/poker-game/index.html" "Mozilla/5.0 (Macintosh; Intel Mac OS X 10_12_3) AppleWebKit/537.36 (KHTML, like Gecko) Chrome/58.0.3029.110 Safari/537.36"
10.240.1.60 - - [21/Jun/2017:22:33:34 +0000] "GET /poker-game/images/ace_of_spades.png HTTP/1.1" 200 61362 "https://advancedkwk-cinthyah.c9users.io/poker-game/index.html" "Mozilla/5.0 (Macintosh; Intel Mac OS X 10_12_3) AppleWebKit/537.36 (KHTML, like Gecko) Chrome/58.0.3029.110 Safari/537.36"
10.240.0.204 - - [21/Jun/2017:22:33:48 +0000] "GET /poker-game/images/ace_of_clubs.png HTTP/1.1" 200 42768 "https://advancedkwk-cinthyah.c9users.io/poker-game/index.html" "Mozilla/5.0 (Macintosh; Intel Mac OS X 10_12_3) AppleWebKit/537.36 (KHTML, like Gecko) Chrome/58.0.3029.110 Safari/537.36"
10.240.0.179 - - [21/Jun/2017:22:34:02 +0000] "GET /poker-game/images/ace_of_hearts.png HTTP/1.1" 200 44423 "https://advancedkwk-cinthyah.c9users.io/poker-game/index.html" "Mozilla/5.0 (Macintosh; Intel Mac OS X 10_12_3) AppleWebKit/537.36 (KHTML, like Gecko) Chrome/58.0.3029.110 Safari/537.36"
10.240.0.204 - - [21/Jun/2017:22:40:08 +0000] "GET /poker-game/index.html HTTP/1.1" 200 845 "-" "Mozilla/5.0 (Macintosh; Intel Mac OS X 10_12_3) AppleWebKit/537.36 (KHTML, like Gecko) Chrome/58.0.3029.110 Safari/537.36"
10.240.1.60 - - [21/Jun/2017:22:40:08 +0000] "GET /poker-game/style.css HTTP/1.1" 200 687 "https://advancedkwk-cinthyah.c9users.io/poker-game/index.html" "Mozilla/5.0 (Macintosh; Intel Mac OS X 10_12_3) AppleWebKit/537.36 (KHTML, like Gecko) Chrome/58.0.3029.110 Safari/537.36"
10.240.1.60 - - [21/Jun/2017:22:40:08 +0000] "GET /poker-game/game.js HTTP/1.1" 200 998 "https://advancedkwk-cinthyah.c9users.io/poker-game/index.html" "Mozilla/5.0 (Macintosh; Intel Mac OS X 10_12_3) AppleWebKit/537.36 (KHTML, like Gecko) Chrome/58.0.3029.110 Safari/537.36"
10.240.1.60 - - [21/Jun/2017:22:40:08 +0000] "GET /poker-game/images/black_joker.png HTTP/1.1" 304 181 "https://advancedkwk-cinthyah.c9users.io/poker-game/index.html" "Mozilla/5.0 (Macintosh; Intel Mac OS X 10_12_3) AppleWebKit/537.36 (KHTML, like Gecko) Chrome/58.0.3029.110 Safari/537.36"
10.240.0.119 - - [21/Jun/2017:22:43:10 +0000] "GET /poker-game/index.html HTTP/1.1" 200 845 "-" "Mozilla/5.0 (Macintosh; Intel Mac OS X 10_12_3) AppleWebKit/537.36 (KHTML, like Gecko) Chrome/58.0.3029.110 Safari/537.36"
10.240.0.179 - - [21/Jun/2017:22:43:10 +0000] "GET /poker-game/style.css HTTP/1.1" 200 687 "https://advancedkwk-cinthyah.c9users.io/poker-game/index.html" "Mozilla/5.0 (Macintosh; Intel Mac OS X 10_12_3) AppleWebKit/537.36 (KHTML, like Gecko) Chrome/58.0.3029.110 Safari/537.36"
10.240.1.60 - - [21/Jun/2017:22:43:11 +0000] "GET /poker-game/game.js HTTP/1.1" 200 998 "https://advancedkwk-cinthyah.c9users.io/poker-game/index.html" "Mozilla/5.0 (Macintosh; Intel Mac OS X 10_12_3) AppleWebKit/537.36 (KHTML, like Gecko) Chrome/58.0.3029.110 Safari/537.36"
10.240.0.204 - - [21/Jun/2017:22:44:42 +0000] "GET /poker-game/index.html HTTP/1.1" 200 845 "-" "Mozilla/5.0 (Macintosh; Intel Mac OS X 10_12_3) AppleWebKit/537.36 (KHTML, like Gecko) Chrome/58.0.3029.110 Safari/537.36"
10.240.0.110 - - [21/Jun/2017:22:44:43 +0000] "GET /poker-game/game.js HTTP/1.1" 200 1004 "https://advancedkwk-cinthyah.c9users.io/poker-game/index.html" "Mozilla/5.0 (Macintosh; Intel Mac OS X 10_12_3) AppleWebKit/537.36 (KHTML, like Gecko) Chrome/58.0.3029.110 Safari/537.36"
10.240.0.204 - - [21/Jun/2017:22:44:43 +0000] "GET /poker-game/images/black_joker.png HTTP/1.1" 304 181 "https://advancedkwk-cinthyah.c9users.io/poker-game/index.html" "Mozilla/5.0 (Macintosh; Intel Mac OS X 10_12_3) AppleWebKit/537.36 (KHTML, like Gecko) Chrome/58.0.3029.110 Safari/537.36"
10.240.0.182 - - [21/Jun/2017:22:44:49 +0000] "GET /poker-game/index.html HTTP/1.1" 200 845 "-" "Mozilla/5.0 (Macintosh; Intel Mac OS X 10_12_3) AppleWebKit/537.36 (KHTML, like Gecko) Chrome/58.0.3029.110 Safari/537.36"
10.240.1.17 - - [21/Jun/2017:22:44:49 +0000] "GET /poker-game/game.js HTTP/1.1" 200 1004 "https://advancedkwk-cinthyah.c9users.io/poker-game/index.html" "Mozilla/5.0 (Macintosh; Intel Mac OS X 10_12_3) AppleWebKit/537.36 (KHTML, like Gecko) Chrome/58.0.3029.110 Safari/537.36"
10.240.0.179 - - [21/Jun/2017:22:45:36 +0000] "GET /poker-game/index.html HTTP/1.1" 200 845 "-" "Mozilla/5.0 (Macintosh; Intel Mac OS X 10_12_3) AppleWebKit/537.36 (KHTML, like Gecko) Chrome/58.0.3029.110 Safari/537.36"
10.240.0.182 - - [21/Jun/2017:22:45:36 +0000] "GET /poker-game/game.js HTTP/1.1" 200 1012 "https://advancedkwk-cinthyah.c9users.io/poker-game/index.html" "Mozilla/5.0 (Macintosh; Intel Mac OS X 10_12_3) AppleWebKit/537.36 (KHTML, like Gecko) Chrome/58.0.3029.110 Safari/537.36"
10.240.0.204 - - [21/Jun/2017:22:46:46 +0000] "GET /poker-game/index.html HTTP/1.1" 200 845 "-" "Mozilla/5.0 (Macintosh; Intel Mac OS X 10_12_3) AppleWebKit/537.36 (KHTML, like Gecko) Chrome/58.0.3029.110 Safari/537.36"
10.240.1.60 - - [21/Jun/2017:22:46:46 +0000] "GET /poker-game/style.css HTTP/1.1" 200 687 "https://advancedkwk-cinthyah.c9users.io/poker-game/index.html" "Mozilla/5.0 (Macintosh; Intel Mac OS X 10_12_3) AppleWebKit/537.36 (KHTML, like Gecko) Chrome/58.0.3029.110 Safari/537.36"
10.240.0.204 - - [21/Jun/2017:22:46:46 +0000] "GET /poker-game/game.js HTTP/1.1" 200 1009 "https://advancedkwk-cinthyah.c9users.io/poker-game/index.html" "Mozilla/5.0 (Macintosh; Intel Mac OS X 10_12_3) AppleWebKit/537.36 (KHTML, like Gecko) Chrome/58.0.3029.110 Safari/537.36"
10.240.1.60 - - [21/Jun/2017:22:46:52 +0000] "GET /poker-game/index.html HTTP/1.1" 200 845 "-" "Mozilla/5.0 (Macintosh; Intel Mac OS X 10_12_3) AppleWebKit/537.36 (KHTML, like Gecko) Chrome/58.0.3029.110 Safari/537.36"
10.240.0.204 - - [21/Jun/2017:22:46:52 +0000] "GET /poker-game/game.js HTTP/1.1" 200 1009 "https://advancedkwk-cinthyah.c9users.io/poker-game/index.html" "Mozilla/5.0 (Macintosh; Intel Mac OS X 10_12_3) AppleWebKit/537.36 (KHTML, like Gecko) Chrome/58.0.3029.110 Safari/537.36"
10.240.0.110 - - [21/Jun/2017:22:47:53 +0000] "GET /poker-game/index.html HTTP/1.1" 200 845 "-" "Mozilla/5.0 (Macintosh; Intel Mac OS X 10_12_3) AppleWebKit/537.36 (KHTML, like Gecko) Chrome/58.0.3029.110 Safari/537.36"
10.240.0.110 - - [21/Jun/2017:22:47:53 +0000] "GET /poker-game/game.js HTTP/1.1" 200 1004 "https://advancedkwk-cinthyah.c9users.io/poker-game/index.html" "Mozilla/5.0 (Macintosh; Intel Mac OS X 10_12_3) AppleWebKit/537.36 (KHTML, like Gecko) Chrome/58.0.3029.110 Safari/537.36"
10.240.0.187 - - [21/Jun/2017:22:53:57 +0000] "GET /poker-game/index.html HTTP/1.1" 200 845 "-" "Mozilla/5.0 (Macintosh; Intel Mac OS X 10_12_3) AppleWebKit/537.36 (KHTML, like Gecko) Chrome/58.0.3029.110 Safari/537.36"
10.240.1.32 - - [21/Jun/2017:22:53:58 +0000] "GET /poker-game/style.css HTTP/1.1" 200 687 "https://advancedkwk-cinthyah.c9users.io/poker-game/index.html" "Mozilla/5.0 (Macintosh; Intel Mac OS X 10_12_3) AppleWebKit/537.36 (KHTML, like Gecko) Chrome/58.0.3029.110 Safari/537.36"
10.240.0.69 - - [21/Jun/2017:22:53:58 +0000] "GET /poker-game/game.js HTTP/1.1" 200 928 "https://advancedkwk-cinthyah.c9users.io/poker-game/index.html" "Mozilla/5.0 (Macintosh; Intel Mac OS X 10_12_3) AppleWebKit/537.36 (KHTML, like Gecko) Chrome/58.0.3029.110 Safari/537.36"
10.240.1.19 - - [21/Jun/2017:22:53:58 +0000] "GET /poker-game/images/black_joker.png HTTP/1.1" 304 181 "https://advancedkwk-cinthyah.c9users.io/poker-game/index.html" "Mozilla/5.0 (Macintosh; Intel Mac OS X 10_12_3) AppleWebKit/537.36 (KHTML, like Gecko) Chrome/58.0.3029.110 Safari/537.36"
10.240.0.187 - - [21/Jun/2017:22:54:24 +0000] "GET /poker-game/index.html HTTP/1.1" 200 845 "-" "Mozilla/5.0 (Macintosh; Intel Mac OS X 10_12_3) AppleWebKit/537.36 (KHTML, like Gecko) Chrome/58.0.3029.110 Safari/537.36"
10.240.0.241 - - [21/Jun/2017:22:54:24 +0000] "GET /poker-game/game.js HTTP/1.1" 200 923 "https://advancedkwk-cinthyah.c9users.io/poker-game/index.html" "Mozilla/5.0 (Macintosh; Intel Mac OS X 10_12_3) AppleWebKit/537.36 (KHTML, like Gecko) Chrome/58.0.3029.110 Safari/537.36"
10.240.0.187 - - [21/Jun/2017:22:54:28 +0000] "GET /poker-game/index.html HTTP/1.1" 200 845 "-" "Mozilla/5.0 (Macintosh; Intel Mac OS X 10_12_3) AppleWebKit/537.36 (KHTML, like Gecko) Chrome/58.0.3029.110 Safari/537.36"
10.240.1.64 - - [21/Jun/2017:22:54:28 +0000] "GET /poker-game/game.js HTTP/1.1" 200 923 "https://advancedkwk-cinthyah.c9users.io/poker-game/index.html" "Mozilla/5.0 (Macintosh; Intel Mac OS X 10_12_3) AppleWebKit/537.36 (KHTML, like Gecko) Chrome/58.0.3029.110 Safari/537.36"
10.240.0.204 - - [21/Jun/2017:22:54:44 +0000] "GET /poker-game/index.html HTTP/1.1" 200 845 "-" "Mozilla/5.0 (Macintosh; Intel Mac OS X 10_12_3) AppleWebKit/537.36 (KHTML, like Gecko) Chrome/58.0.3029.110 Safari/537.36"
10.240.1.15 - - [21/Jun/2017:22:54:45 +0000] "GET /poker-game/game.js HTTP/1.1" 200 923 "https://advancedkwk-cinthyah.c9users.io/poker-game/index.html" "Mozilla/5.0 (Macintosh; Intel Mac OS X 10_12_3) AppleWebKit/537.36 (KHTML, like Gecko) Chrome/58.0.3029.110 Safari/537.36"
10.240.0.204 - - [21/Jun/2017:22:55:20 +0000] "GET /poker-game/index.html HTTP/1.1" 200 845 "-" "Mozilla/5.0 (Macintosh; Intel Mac OS X 10_12_3) AppleWebKit/537.36 (KHTML, like Gecko) Chrome/58.0.3029.110 Safari/537.36"
10.240.0.110 - - [21/Jun/2017:22:55:20 +0000] "GET /poker-game/game.js HTTP/1.1" 200 924 "https://advancedkwk-cinthyah.c9users.io/poker-game/index.html" "Mozilla/5.0 (Macintosh; Intel Mac OS X 10_12_3) AppleWebKit/537.36 (KHTML, like Gecko) Chrome/58.0.3029.110 Safari/537.36"
10.240.0.179 - - [21/Jun/2017:22:55:41 +0000] "GET /poker-game/index.html HTTP/1.1" 200 845 "-" "Mozilla/5.0 (Macintosh; Intel Mac OS X 10_12_3) AppleWebKit/537.36 (KHTML, like Gecko) Chrome/58.0.3029.110 Safari/537.36"
10.240.1.60 - - [21/Jun/2017:22:55:42 +0000] "GET /poker-game/game.js HTTP/1.1" 200 924 "https://advancedkwk-cinthyah.c9users.io/poker-game/index.html" "Mozilla/5.0 (Macintosh; Intel Mac OS X 10_12_3) AppleWebKit/537.36 (KHTML, like Gecko) Chrome/58.0.3029.110 Safari/537.36"
10.240.0.110 - - [21/Jun/2017:22:56:10 +0000] "GET /poker-game/game.js HTTP/1.1" 200 924 "https://advancedkwk-cinthyah.c9users.io/poker-game/index.html" "Mozilla/5.0 (Macintosh; Intel Mac OS X 10_12_3) AppleWebKit/537.36 (KHTML, like Gecko) Chrome/58.0.3029.110 Safari/537.36"
10.240.1.32 - - [21/Jun/2017:22:58:30 +0000] "GET /poker-game/index.html HTTP/1.1" 200 845 "-" "Mozilla/5.0 (Macintosh; Intel Mac OS X 10_12_3) AppleWebKit/537.36 (KHTML, like Gecko) Chrome/58.0.3029.110 Safari/537.36"
10.240.1.19 - - [21/Jun/2017:22:58:30 +0000] "GET /poker-game/style.css HTTP/1.1" 200 687 "https://advancedkwk-cinthyah.c9users.io/poker-game/index.html" "Mozilla/5.0 (Macintosh; Intel Mac OS X 10_12_3) AppleWebKit/537.36 (KHTML, like Gecko) Chrome/58.0.3029.110 Safari/537.36"
10.240.1.32 - - [21/Jun/2017:22:58:30 +0000] "GET /poker-game/game.js HTTP/1.1" 200 924 "https://advancedkwk-cinthyah.c9users.io/poker-game/index.html" "Mozilla/5.0 (Macintosh; Intel Mac OS X 10_12_3) AppleWebKit/537.36 (KHTML, like Gecko) Chrome/58.0.3029.110 Safari/537.36"
10.240.1.64 - - [21/Jun/2017:22:59:19 +0000] "GET /poker-game/index.html HTTP/1.1" 200 845 "-" "Mozilla/5.0 (Macintosh; Intel Mac OS X 10_12_3) AppleWebKit/537.36 (KHTML, like Gecko) Chrome/58.0.3029.110 Safari/537.36"
10.240.0.110 - - [21/Jun/2017:22:59:20 +0000] "GET /poker-game/game.js HTTP/1.1" 200 926 "https://advancedkwk-cinthyah.c9users.io/poker-game/index.html" "Mozilla/5.0 (Macintosh; Intel Mac OS X 10_12_3) AppleWebKit/537.36 (KHTML, like Gecko) Chrome/58.0.3029.110 Safari/537.36"
10.240.0.119 - - [21/Jun/2017:23:05:28 +0000] "GET /poker-game/index.html HTTP/1.1" 200 845 "-" "Mozilla/5.0 (Macintosh; Intel Mac OS X 10_12_3) AppleWebKit/537.36 (KHTML, like Gecko) Chrome/58.0.3029.110 Safari/537.36"
10.240.0.119 - - [21/Jun/2017:23:05:28 +0000] "GET /poker-game/style.css HTTP/1.1" 200 687 "https://advancedkwk-cinthyah.c9users.io/poker-game/index.html" "Mozilla/5.0 (Macintosh; Intel Mac OS X 10_12_3) AppleWebKit/537.36 (KHTML, like Gecko) Chrome/58.0.3029.110 Safari/537.36"
10.240.0.187 - - [21/Jun/2017:23:05:29 +0000] "GET /poker-game/game.js HTTP/1.1" 200 980 "https://advancedkwk-cinthyah.c9users.io/poker-game/index.html" "Mozilla/5.0 (Macintosh; Intel Mac OS X 10_12_3) AppleWebKit/537.36 (KHTML, like Gecko) Chrome/58.0.3029.110 Safari/537.36"
10.240.0.187 - - [21/Jun/2017:23:05:29 +0000] "GET /poker-game/images/black_joker.png HTTP/1.1" 304 181 "https://advancedkwk-cinthyah.c9users.io/poker-game/index.html" "Mozilla/5.0 (Macintosh; Intel Mac OS X 10_12_3) AppleWebKit/537.36 (KHTML, like Gecko) Chrome/58.0.3029.110 Safari/537.36"
10.240.1.19 - - [21/Jun/2017:23:05:47 +0000] "GET /poker-game/images/6_of_diamondspng HTTP/1.1" 404 545 "https://advancedkwk-cinthyah.c9users.io/poker-game/index.html" "Mozilla/5.0 (Macintosh; Intel Mac OS X 10_12_3) AppleWebKit/537.36 (KHTML, like Gecko) Chrome/58.0.3029.110 Safari/537.36"
10.240.0.187 - - [21/Jun/2017:23:06:45 +0000] "GET /poker-game/index.html HTTP/1.1" 200 845 "-" "Mozilla/5.0 (Macintosh; Intel Mac OS X 10_12_3) AppleWebKit/537.36 (KHTML, like Gecko) Chrome/58.0.3029.110 Safari/537.36"
10.240.0.187 - - [21/Jun/2017:23:06:45 +0000] "GET /poker-game/game.js HTTP/1.1" 200 990 "https://advancedkwk-cinthyah.c9users.io/poker-game/index.html" "Mozilla/5.0 (Macintosh; Intel Mac OS X 10_12_3) AppleWebKit/537.36 (KHTML, like Gecko) Chrome/58.0.3029.110 Safari/537.36"
10.240.1.32 - - [21/Jun/2017:23:10:22 +0000] "GET /poker-game/index.html HTTP/1.1" 200 845 "-" "Mozilla/5.0 (Macintosh; Intel Mac OS X 10_12_3) AppleWebKit/537.36 (KHTML, like Gecko) Chrome/58.0.3029.110 Safari/537.36"
10.240.0.187 - - [21/Jun/2017:23:10:22 +0000] "GET /poker-game/game.js HTTP/1.1" 200 1005 "https://advancedkwk-cinthyah.c9users.io/poker-game/index.html" "Mozilla/5.0 (Macintosh; Intel Mac OS X 10_12_3) AppleWebKit/537.36 (KHTML, like Gecko) Chrome/58.0.3029.110 Safari/537.36"
10.240.1.60 - - [21/Jun/2017:23:10:28 +0000] "GET /poker-game/images/7_of_hearts.png HTTP/1.1" 200 34761 "https://advancedkwk-cinthyah.c9users.io/poker-game/index.html" "Mozilla/5.0 (Macintosh; Intel Mac OS X 10_12_3) AppleWebKit/537.36 (KHTML, like Gecko) Chrome/58.0.3029.110 Safari/537.36"
10.240.0.187 - - [21/Jun/2017:23:10:56 +0000] "GET /poker-game/images/ace_of_hearts.png HTTP/1.1" 304 181 "https://advancedkwk-cinthyah.c9users.io/poker-game/index.html" "Mozilla/5.0 (Macintosh; Intel Mac OS X 10_12_3) AppleWebKit/537.36 (KHTML, like Gecko) Chrome/58.0.3029.110 Safari/537.36"
10.240.1.64 - - [21/Jun/2017:23:11:03 +0000] "GET /poker-game/images/5_of_spades.png HTTP/1.1" 200 32506 "https://advancedkwk-cinthyah.c9users.io/poker-game/index.html" "Mozilla/5.0 (Macintosh; Intel Mac OS X 10_12_3) AppleWebKit/537.36 (KHTML, like Gecko) Chrome/58.0.3029.110 Safari/537.36"
10.240.0.182 - - [21/Jun/2017:23:12:54 +0000] "GET /poker-game/index.html HTTP/1.1" 200 845 "-" "Mozilla/5.0 (Macintosh; Intel Mac OS X 10_12_3) AppleWebKit/537.36 (KHTML, like Gecko) Chrome/58.0.3029.110 Safari/537.36"
10.240.0.182 - - [21/Jun/2017:23:12:55 +0000] "GET /poker-game/game.js HTTP/1.1" 200 1006 "https://advancedkwk-cinthyah.c9users.io/poker-game/index.html" "Mozilla/5.0 (Macintosh; Intel Mac OS X 10_12_3) AppleWebKit/537.36 (KHTML, like Gecko) Chrome/58.0.3029.110 Safari/537.36"
10.240.1.60 - - [21/Jun/2017:23:12:55 +0000] "GET /poker-game/style.css HTTP/1.1" 200 687 "https://advancedkwk-cinthyah.c9users.io/poker-game/index.html" "Mozilla/5.0 (Macintosh; Intel Mac OS X 10_12_3) AppleWebKit/537.36 (KHTML, like Gecko) Chrome/58.0.3029.110 Safari/537.36"
10.240.1.60 - - [21/Jun/2017:23:12:55 +0000] "GET /poker-game/images/black_joker.png HTTP/1.1" 304 181 "https://advancedkwk-cinthyah.c9users.io/poker-game/index.html" "Mozilla/5.0 (Macintosh; Intel Mac OS X 10_12_3) AppleWebKit/537.36 (KHTML, like Gecko) Chrome/58.0.3029.110 Safari/537.36"
10.240.0.69 - - [21/Jun/2017:23:13:03 +0000] "GET /poker-game/images/6_of_hearts.png HTTP/1.1" 200 33744 "https://advancedkwk-cinthyah.c9users.io/poker-game/index.html" "Mozilla/5.0 (Macintosh; Intel Mac OS X 10_12_3) AppleWebKit/537.36 (KHTML, like Gecko) Chrome/58.0.3029.110 Safari/537.36"
10.240.0.69 - - [21/Jun/2017:23:13:11 +0000] "GET /poker-game/index.html HTTP/1.1" 200 845 "-" "Mozilla/5.0 (Macintosh; Intel Mac OS X 10_12_3) AppleWebKit/537.36 (KHTML, like Gecko) Chrome/58.0.3029.110 Safari/537.36"
10.240.1.20 - - [21/Jun/2017:23:13:12 +0000] "GET /poker-game/game.js HTTP/1.1" 200 1006 "https://advancedkwk-cinthyah.c9users.io/poker-game/index.html" "Mozilla/5.0 (Macintosh; Intel Mac OS X 10_12_3) AppleWebKit/537.36 (KHTML, like Gecko) Chrome/58.0.3029.110 Safari/537.36"
10.240.0.69 - - [21/Jun/2017:23:15:16 +0000] "GET /poker-game/images/6_of_clubs.png HTTP/1.1" 200 40259 "https://advancedkwk-cinthyah.c9users.io/poker-game/index.html" "Mozilla/5.0 (Macintosh; Intel Mac OS X 10_12_3) AppleWebKit/537.36 (KHTML, like Gecko) Chrome/58.0.3029.110 Safari/537.36"
10.240.1.60 - - [21/Jun/2017:23:17:28 +0000] "GET /poker-game/index.html HTTP/1.1" 200 845 "-" "Mozilla/5.0 (Macintosh; Intel Mac OS X 10_12_3) AppleWebKit/537.36 (KHTML, like Gecko) Chrome/58.0.3029.110 Safari/537.36"
10.240.1.60 - - [21/Jun/2017:23:17:28 +0000] "GET /poker-game/game.js HTTP/1.1" 200 1007 "https://advancedkwk-cinthyah.c9users.io/poker-game/index.html" "Mozilla/5.0 (Macintosh; Intel Mac OS X 10_12_3) AppleWebKit/537.36 (KHTML, like Gecko) Chrome/58.0.3029.110 Safari/537.36"
10.240.1.15 - - [21/Jun/2017:23:17:47 +0000] "GET /poker-game/images/10_of_clubs.png HTTP/1.1" 200 54963 "https://advancedkwk-cinthyah.c9users.io/poker-game/index.html" "Mozilla/5.0 (Macintosh; Intel Mac OS X 10_12_3) AppleWebKit/537.36 (KHTML, like Gecko) Chrome/58.0.3029.110 Safari/537.36"
10.240.0.119 - - [21/Jun/2017:23:19:35 +0000] "GET /poker-game/game.js HTTP/1.1" 200 1007 "https://advancedkwk-cinthyah.c9users.io/poker-game/index.html" "Mozilla/5.0 (Macintosh; Intel Mac OS X 10_12_3) AppleWebKit/537.36 (KHTML, like Gecko) Chrome/58.0.3029.110 Safari/537.36"
10.240.0.182 - - [21/Jun/2017:23:19:35 +0000] "GET /poker-game/images/black_joker.png HTTP/1.1" 304 181 "https://advancedkwk-cinthyah.c9users.io/poker-game/index.html" "Mozilla/5.0 (Macintosh; Intel Mac OS X 10_12_3) AppleWebKit/537.36 (KHTML, like Gecko) Chrome/58.0.3029.110 Safari/537.36"
10.240.0.110 - - [21/Jun/2017:23:19:35 +0000] "GET /poker-game/style.css HTTP/1.1" 200 687 "https://advancedkwk-cinthyah.c9users.io/poker-game/index.html" "Mozilla/5.0 (Macintosh; Intel Mac OS X 10_12_3) AppleWebKit/537.36 (KHTML, like Gecko) Chrome/58.0.3029.110 Safari/537.36"
10.240.0.110 - - [21/Jun/2017:23:19:40 +0000] "GET /poker-game/index.html HTTP/1.1" 200 850 "-" "Mozilla/5.0 (Macintosh; Intel Mac OS X 10_12_3) AppleWebKit/537.36 (KHTML, like Gecko) Chrome/58.0.3029.110 Safari/537.36"
10.240.0.110 - - [21/Jun/2017:23:19:40 +0000] "GET /poker-game/game.js HTTP/1.1" 200 1007 "https://advancedkwk-cinthyah.c9users.io/poker-game/index.html" "Mozilla/5.0 (Macintosh; Intel Mac OS X 10_12_3) AppleWebKit/537.36 (KHTML, like Gecko) Chrome/58.0.3029.110 Safari/537.36"
10.240.1.20 - - [21/Jun/2017:23:19:45 +0000] "GET /poker-game/images/5_of_clubs.png HTTP/1.1" 200 35144 "https://advancedkwk-cinthyah.c9users.io/poker-game/index.html" "Mozilla/5.0 (Macintosh; Intel Mac OS X 10_12_3) AppleWebKit/537.36 (KHTML, like Gecko) Chrome/58.0.3029.110 Safari/537.36"
